Archive member included because of file (symbol)

C:/AWorkspace/ComConst/Release/arduino.ar(variant.cpp.o)
                              ./ComConst.cpp.o (Serial)
C:/AWorkspace/ComConst/Release/arduino.ar(Print.cpp.o)
                              ./StatePlayGroup.cpp.o (Print::println(unsigned long, int))
C:/AWorkspace/ComConst/Release/arduino.ar(RingBuffer.cpp.o)
                              C:/AWorkspace/ComConst/Release/arduino.ar(variant.cpp.o) (RingBuffer::RingBuffer())
C:/AWorkspace/ComConst/Release/arduino.ar(Stream.cpp.o)
                              ./mp3SerialPlayer.cpp.o (Stream::setTimeout(unsigned long))
C:/AWorkspace/ComConst/Release/arduino.ar(UARTClass.cpp.o)
                              C:/AWorkspace/ComConst/Release/arduino.ar(variant.cpp.o) (UARTClass::UARTClass(Uart*, IRQn, unsigned long, RingBuffer*))
C:/AWorkspace/ComConst/Release/arduino.ar(USARTClass.cpp.o)
                              C:/AWorkspace/ComConst/Release/arduino.ar(variant.cpp.o) (USARTClass::USARTClass(Usart*, IRQn, unsigned long, RingBuffer*))
C:/AWorkspace/ComConst/Release/arduino.ar(WString.cpp.o)
                              C:/AWorkspace/ComConst/Release/arduino.ar(Print.cpp.o) (String::operator[](unsigned int) const)
C:/AWorkspace/ComConst/Release/arduino.ar(cxxabi-compat.cpp.o)
                              ./StatePlayGroup.cpp.o (__cxa_pure_virtual)
C:/AWorkspace/ComConst/Release/arduino.ar(itoa.c.o)
                              C:/AWorkspace/ComConst/Release/arduino.ar(WString.cpp.o) (ltoa)
C:/AWorkspace/ComConst/Release/arduino.ar(wiring.c.o)
                              ./WS2812LEDController.cpp.o (micros)
C:/AWorkspace/ComConst/Release/arduino.ar(wiring_analog.c.o)
                              C:/AWorkspace/ComConst/Release/arduino.ar(variant.cpp.o) (analogOutputInit)
C:/AWorkspace/ComConst/Release/arduino.ar(wiring_digital.c.o)
                              ./Button.cpp.o (digitalRead)
C:/AWorkspace/ComConst/Release/arduino.ar(hooks.c.o)
                              C:/AWorkspace/ComConst/Release/arduino.ar(wiring.c.o) (yield)
C:/arduino-1.5.2/hardware/arduino/sam/variants/arduino_due_x/libsam_sam3x8e_gcc_rel.a(pio.o)
                              C:/AWorkspace/ComConst/Release/arduino.ar(wiring_digital.c.o) (PIO_PullUp)
C:/arduino-1.5.2/hardware/arduino/sam/variants/arduino_due_x/libsam_sam3x8e_gcc_rel.a(pmc.o)
                              ./WS2812LEDController.cpp.o (pmc_enable_periph_clk)
C:/arduino-1.5.2/hardware/arduino/sam/variants/arduino_due_x/libsam_sam3x8e_gcc_rel.a(pwmc.o)
                              C:/AWorkspace/ComConst/Release/arduino.ar(wiring_analog.c.o) (PWMC_ConfigureChannel)
C:/arduino-1.5.2/hardware/arduino/sam/variants/arduino_due_x/libsam_sam3x8e_gcc_rel.a(tc.o)
                              ./WS2812LEDController.cpp.o (TC_Configure)
C:/arduino-1.5.2/hardware/arduino/sam/variants/arduino_due_x/libsam_sam3x8e_gcc_rel.a(timetick.o)
                              C:/AWorkspace/ComConst/Release/arduino.ar(wiring.c.o) (GetTickCount)
C:/arduino-1.5.2/hardware/arduino/sam/variants/arduino_due_x/libsam_sam3x8e_gcc_rel.a(wdt.o)
                              C:/AWorkspace/ComConst/Release/arduino.ar(variant.cpp.o) (WDT_Disable)
C:/arduino-1.5.2/hardware/arduino/sam/variants/arduino_due_x/libsam_sam3x8e_gcc_rel.a(system_sam3xa.o)
                              C:/AWorkspace/ComConst/Release/arduino.ar(variant.cpp.o) (SystemInit)
C:/arduino-1.5.2/hardware/arduino/sam/variants/arduino_due_x/libsam_sam3x8e_gcc_rel.a(startup_sam3xa.o)
                              (Reset_Handler)
C:/arduino-1.5.2/hardware/arduino/sam/variants/arduino_due_x/libsam_sam3x8e_gcc_rel.a(adc.o)
                              C:/AWorkspace/ComConst/Release/arduino.ar(variant.cpp.o) (adc_init)
C:/arduino-1.5.2/hardware/arduino/sam/variants/arduino_due_x/libsam_sam3x8e_gcc_rel.a(uotghs.o)
                              C:/arduino-1.5.2/hardware/arduino/sam/variants/arduino_due_x/libsam_sam3x8e_gcc_rel.a(startup_sam3xa.o) (UOTGHS_Handler)
C:/arduino-1.5.2/hardware/arduino/sam/variants/arduino_due_x/libsam_sam3x8e_gcc_rel.a(dacc.o)
                              C:/AWorkspace/ComConst/Release/arduino.ar(wiring_analog.c.o) (dacc_reset)
C:/AWorkspace/ComConst/Release/arduino.ar(WInterrupts.c.o)
                              C:/arduino-1.5.2/hardware/arduino/sam/variants/arduino_due_x/libsam_sam3x8e_gcc_rel.a(startup_sam3xa.o) (PIOA_Handler)
C:/AWorkspace/ComConst/Release/arduino.ar(cortex_handlers.c.o)
                              C:/arduino-1.5.2/hardware/arduino/sam/variants/arduino_due_x/libsam_sam3x8e_gcc_rel.a(startup_sam3xa.o) (SysTick_Handler)
C:/AWorkspace/ComConst/Release/arduino.ar(main.cpp.o)
                              C:/arduino-1.5.2/hardware/arduino/sam/variants/arduino_due_x/libsam_sam3x8e_gcc_rel.a(startup_sam3xa.o) (main)
C:/AWorkspace/ComConst/Release/arduino.ar(USBCore.cpp.o)
                              C:/AWorkspace/ComConst/Release/arduino.ar(main.cpp.o) (USBDevice_::attach())
[...]
Memory Configuration

Name             Origin             Length             Attributes
rom              0x00080000         0x00080000         xr
sram0            0x20000000         0x00010000         xrw
sram1            0x20080000         0x00008000         xrw
ram              0x20070000         0x00018000         xrw
*default*        0x00000000         0xffffffff

Linker script and memory map

LOAD c:/arduino-1.5.2/hardware/tools/g++_arm_none_eabi/bin/../lib/gcc/arm-none-eabi/4.4.1/thumb2/crti.o
LOAD c:/arduino-1.5.2/hardware/tools/g++_arm_none_eabi/bin/../lib/gcc/arm-none-eabi/4.4.1/thumb2/crtbegin.o
LOAD c:/arduino-1.5.2/hardware/tools/g++_arm_none_eabi/bin/../lib/gcc/arm-none-eabi/4.4.1/thumb2\libgcc.a
START GROUP
LOAD C:/AWorkspace/ComConst/Release/arduino/syscalls_sam3.c.o
LOAD ./Button.cpp.o
LOAD ./ComConst.cpp.o
LOAD ./ILEDControl.cpp.o
LOAD ./IState.cpp.o
LOAD ./LEDData.cpp.o
LOAD ./LEDDataInit.cpp.o
LOAD ./LEDGroupData.cpp.o
LOAD ./StateDispatcher.cpp.o
LOAD ./StatePlayGroup.cpp.o
LOAD ./StateWaitButton.cpp.o
LOAD ./TestLEDController.cpp.o
LOAD ./WS2812LEDController.cpp.o
LOAD ./mp3SerialPlayer.cpp.o
LOAD ./fastLED/FastLED.cpp.o
LOAD ./fastLED/colorpalettes.cpp.o
LOAD ./fastLED/colorutils.cpp.o
LOAD ./fastLED/hsv2rgb.cpp.o
LOAD ./fastLED/lib8tion.cpp.o
LOAD ./fastLED/noise.cpp.o
LOAD ./fastLED/power_mgt.cpp.o
LOAD ./fastLED/wiring.cpp.o
LOAD C:/AWorkspace/ComConst/Release/arduino.ar
LOAD C:/arduino-1.5.2/hardware/arduino/sam/variants/arduino_due_x/libsam_sam3x8e_gcc_rel.a
LOAD C:/AWorkspace/ComConst/Release/arduino.ar
END GROUP
LOAD c:/arduino-1.5.2/hardware/tools/g++_arm_none_eabi/bin/../lib/gcc/arm-none-eabi/4.4.1/../../../../arm-none-eabi/lib/thumb2\libstdc++.a
LOAD c:/arduino-1.5.2/hardware/tools/g++_arm_none_eabi/bin/../lib/gcc/arm-none-eabi/4.4.1/../../../../arm-none-eabi/lib/thumb2\libm.a
START GROUP
LOAD c:/arduino-1.5.2/hardware/tools/g++_arm_none_eabi/bin/../lib/gcc/arm-none-eabi/4.4.1/thumb2\libgcc.a
LOAD c:/arduino-1.5.2/hardware/tools/g++_arm_none_eabi/bin/../lib/gcc/arm-none-eabi/4.4.1/../../../../arm-none-eabi/lib/thumb2\libc.a
END GROUP
LOAD c:/arduino-1.5.2/hardware/tools/g++_arm_none_eabi/bin/../lib/gcc/arm-none-eabi/4.4.1/thumb2/crtend.o
LOAD c:/arduino-1.5.2/hardware/tools/g++_arm_none_eabi/bin/../lib/gcc/arm-none-eabi/4.4.1/thumb2/crtn.o

.text           0x00080000    0x139e4
                0x00080000                . = ALIGN (0x4)
                0x00080000                _sfixed = .
 *(.vectors .vectors.*)
 .vectors       0x00080000       0xf4 C:/arduino-1.5.2/hardware/arduino/sam/variants/arduino_due_x/libsam_sam3x8e_gcc_rel.a(startup_sam3xa.o)
                0x00080000                exception_table
 *(.text .text.* .gnu.linkonce.t.*)
 .text          0x000800f4       0x30 c:/arduino-1.5.2/hardware/tools/g++_arm_none_eabi/bin/../lib/gcc/arm-none-eabi/4.4.1/thumb2/crtbegin.o
 .text._sbrk    0x00080124       0x20 C:/AWorkspace/ComConst/Release/arduino/syscalls_sam3.c.o
                0x00080124                _sbrk
 .text._close   0x00080144        0x6 C:/AWorkspace/ComConst/Release/arduino/syscalls_sam3.c.o
                0x00080144                _close
 .text._fstat   0x0008014a        0xa C:/AWorkspace/ComConst/Release/arduino/syscalls_sam3.c.o
                0x0008014a                _fstat
 .text._isatty  0x00080154        0x4 C:/AWorkspace/ComConst/Release/arduino/syscalls_sam3.c.o
                0x00080154                _isatty
 .text._lseek   0x00080158        0x4 C:/AWorkspace/ComConst/Release/arduino/syscalls_sam3.c.o
                0x00080158                _lseek
 .text._read    0x0008015c        0x4 C:/AWorkspace/ComConst/Release/arduino/syscalls_sam3.c.o
                0x0008015c                _read
 .text._write   0x00080160       0x20 C:/AWorkspace/ComConst/Release/arduino/syscalls_sam3.c.o
                0x00080160                _write
 .text._kill    0x00080180        0x2 C:/AWorkspace/ComConst/Release/arduino/syscalls_sam3.c.o
                0x00080180                _kill
 .text._getpid  0x00080182        0x6 C:/AWorkspace/ComConst/Release/arduino/syscalls_sam3.c.o
                0x00080182                _getpid
 .text._exit    0x00080188       0x10 C:/AWorkspace/ComConst/Release/arduino/syscalls_sam3.c.o
                0x00080188                _exit
 .text._ZN6ButtonC1Eh
                0x00080198        0xc ./Button.cpp.o
                0x00080198                Button::Button(unsigned char)
 .text._ZNK6Button11getPinIndexEv
                0x000801a4        0x4 ./Button.cpp.o
                0x000801a4                Button::getPinIndex() const
 .text._ZN6ButtonD1Ev
                0x000801a8        0xc ./Button.cpp.o
                0x000801a8                Button::~Button()
 .text._ZN6Button8getStateEv
                0x000801b4       0x10 ./Button.cpp.o
                0x000801b4                Button::getState()
 .text._ZN6ButtonD0Ev
                0x000801c4       0x14 ./Button.cpp.o
                0x000801c4                Button::~Button()
 .text._ZN6Button4initEv
                0x000801d8        0xe ./Button.cpp.o
                0x000801d8                Button::init()
 .text._ZN15StateDispatcherD1Ev
                0x000801e6       0x16 ./ComConst.cpp.o
                0x000801e6                StateDispatcher::~StateDispatcher()
 .text.loop     0x000801fc       0x18 ./ComConst.cpp.o
                0x000801fc                loop
 .text.setup    0x00080214       0x64 ./ComConst.cpp.o
                0x00080214                setup
 .text._GLOBAL__I_ramstart
                0x00080278       0x5c ./ComConst.cpp.o
 .text._ZN6IState22clearOnLEDGroupIndexesEv
                0x000802d4        0xc ./IState.cpp.o
                0x000802d4                IState::clearOnLEDGroupIndexes()
 .text._ZN6IState18addOnLEDGroupIndexEh
                0x000802e0       0x60 ./IState.cpp.o
                0x000802e0                IState::addOnLEDGroupIndex(unsigned char)
 .text._ZN7LEDDataC1EN4CRGB13HTMLColorCodeEhm
                0x00080340       0x14 ./LEDData.cpp.o
                0x00080340                LEDData::LEDData(CRGB::HTMLColorCode, unsigned char, unsigned long)
 .text._ZN7LEDDataD1Ev
                0x00080354        0xc ./LEDData.cpp.o
                0x00080354                LEDData::~LEDData()
 .text._ZNK7LEDData23getNumberInParentDriverEv
                0x00080360        0x4 ./LEDData.cpp.o
                0x00080360                LEDData::getNumberInParentDriver() const
 .text._ZNK7LEDData8getColorEv
                0x00080364        0x4 ./LEDData.cpp.o
                0x00080364                LEDData::getColor() const
 .text._ZNK7LEDData13getTimeToPlayEv
                0x00080368        0x4 ./LEDData.cpp.o
                0x00080368                LEDData::getTimeToPlay() const
 .text._ZN7LEDDataD0Ev
                0x0008036c       0x14 ./LEDData.cpp.o
                0x0008036c                LEDData::~LEDData()
 .text.__tcf_0  0x00080380       0x20 ./LEDDataInit.cpp.o
 .text.__tcf_1  0x000803a0       0x20 ./LEDDataInit.cpp.o
 .text.__tcf_2  0x000803c0       0x20 ./LEDDataInit.cpp.o
 .text.__tcf_3  0x000803e0       0x20 ./LEDDataInit.cpp.o
 .text.__tcf_4  0x00080400       0x20 ./LEDDataInit.cpp.o
 .text.__tcf_5  0x00080420       0x20 ./LEDDataInit.cpp.o
 .text.__tcf_6  0x00080440       0x20 ./LEDDataInit.cpp.o
 .text._GLOBAL__I_datasRed
                0x00080460      0xc34 ./LEDDataInit.cpp.o
 .text._ZN12LEDGroupDataC1EhtmmP7LEDDatah
                0x00081094       0x1c ./LEDGroupData.cpp.o
                0x00081094                LEDGroupData::LEDGroupData(unsigned char, unsigned short, unsigned long, unsigned long, LEDData*, unsigned char)
 .text._ZNK12LEDGroupData17getAllTurnOffTimeEv
                0x000810b0        0x4 ./LEDGroupData.cpp.o
                0x000810b0                LEDGroupData::getAllTurnOffTime() const
 .text._ZNK12LEDGroupData14getMp3DurationEv
                0x000810b4        0x4 ./LEDGroupData.cpp.o
                0x000810b4                LEDGroupData::getMp3Duration() const
 .text._ZNK12LEDGroupData20getMp3IndexLowerByteEv
                0x000810b8        0x4 ./LEDGroupData.cpp.o
                0x000810b8                LEDGroupData::getMp3IndexLowerByte() const
 .text._ZNK12LEDGroupData10getLEDDataEh
                0x000810bc        0x8 ./LEDGroupData.cpp.o
                0x000810bc                LEDGroupData::getLEDData(unsigned char) const
 .text._ZNK12LEDGroupData15getNoOfLEDsDataEv
                0x000810c4        0x4 ./LEDGroupData.cpp.o
                0x000810c4                LEDGroupData::getNoOfLEDsData() const
 .text._ZN15StateDispatcher14setActiveStateEP6IState
                0x000810c8        0x4 ./StateDispatcher.cpp.o
                0x000810c8                StateDispatcher::setActiveState(IState*)
 .text._ZN15StateDispatcher3actEv
                0x000810cc       0x50 ./StateDispatcher.cpp.o
                0x000810cc                StateDispatcher::act()
 .text._ZN15StateDispatcherC1EP11ILEDControl
                0x0008111c       0x34 ./StateDispatcher.cpp.o
                0x0008111c                StateDispatcher::StateDispatcher(ILEDControl*)
 .text._ZN14StatePlayGroup5getIDEv
                0x00081150        0x4 ./StatePlayGroup.cpp.o
                0x00081150                StatePlayGroup::getID()
 .text._ZN14StatePlayGroup4initEv
                0x00081154       0xb8 ./StatePlayGroup.cpp.o
                0x00081154                StatePlayGroup::init()
 .text._ZN14StatePlayGroup3actEv
                0x0008120c      0x180 ./StatePlayGroup.cpp.o
                0x0008120c                StatePlayGroup::act()
 .text._ZN14StatePlayGroupD1Ev
                0x0008138c       0x18 ./StatePlayGroup.cpp.o
                0x0008138c                StatePlayGroup::~StatePlayGroup()
 .text._ZN14StatePlayGroupD0Ev
                0x000813a4       0x1c ./StatePlayGroup.cpp.o
                0x000813a4                StatePlayGroup::~StatePlayGroup()
 .text._ZN14StatePlayGroupC1EP12LEDGroupDatahP11ILEDControl
                0x000813c0       0x38 ./StatePlayGroup.cpp.o
                0x000813c0                StatePlayGroup::StatePlayGroup(LEDGroupData*, unsigned char, ILEDControl*)
 .text._ZN15StateWaitButton5getIDEv
                0x000813f8        0x4 ./StateWaitButton.cpp.o
                0x000813f8                StateWaitButton::getID()
 .text._ZN15StateWaitButtonC1EP6ButtonhP11ILEDControl
                0x000813fc       0x20 ./StateWaitButton.cpp.o
                0x000813fc                StateWaitButton::StateWaitButton(Button*, unsigned char, ILEDControl*)
 .text._ZN15StateWaitButtonD1Ev
                0x0008141c        0xc ./StateWaitButton.cpp.o
                0x0008141c                StateWaitButton::~StateWaitButton()
 .text._ZN15StateWaitButton4initEv
                0x00081428       0x40 ./StateWaitButton.cpp.o
                0x00081428                StateWaitButton::init()
 .text._ZN15StateWaitButton3actEv
                0x00081468       0x90 ./StateWaitButton.cpp.o
                0x00081468                StateWaitButton::act()
 .text._ZN15StateWaitButtonD0Ev
                0x000814f8       0x14 ./StateWaitButton.cpp.o
                0x000814f8                StateWaitButton::~StateWaitButton()
 .text._ZN17TestLEDController18setLEDGroupOnColorEP12LEDGroupDatam
                0x0008150c        0x2 ./TestLEDController.cpp.o
                0x0008150c                TestLEDController::setLEDGroupOnColor(LEDGroupData*, unsigned long)
 *fill*         0x0008150e        0x2 00
 .text._ZN17TestLEDControllerC1Ev
                0x00081510        0xc ./TestLEDController.cpp.o
                0x00081510                TestLEDController::TestLEDController()
 .text._ZN17TestLEDControllerD1Ev
                0x0008151c        0xc ./TestLEDController.cpp.o
                0x0008151c                TestLEDController::~TestLEDController()
 .text._ZN6PinLedC1Eh
                0x00081528       0x1a ./TestLEDController.cpp.o
                0x00081528                PinLed::PinLed(unsigned char)
 *fill*         0x00081542        0x2 00
 .text._ZN17TestLEDController9setLEDOffEP7LEDData
                0x00081544       0x28 ./TestLEDController.cpp.o
                0x00081544                TestLEDController::setLEDOff(LEDData*)
 .text._ZN17TestLEDController12setAllLEDOffEv
                0x0008156c       0x2c ./TestLEDController.cpp.o
                0x0008156c                TestLEDController::setAllLEDOff()
 .text._ZN17TestLEDController11setAllLEDOnEv
                0x00081598       0x2c ./TestLEDController.cpp.o
                0x00081598                TestLEDController::setAllLEDOn()
 .text._ZN17TestLEDController8setLEDOnEP7LEDData
                0x000815c4       0x48 ./TestLEDController.cpp.o
                0x000815c4                TestLEDController::setLEDOn(LEDData*)
 .text._ZN17TestLEDController14setLEDGroupOffEP12LEDGroupData
                0x0008160c       0x44 ./TestLEDController.cpp.o
                0x0008160c                TestLEDController::setLEDGroupOff(LEDGroupData*)
 .text._ZN17TestLEDController13setLEDGroupOnEP12LEDGroupData
                0x00081650       0x44 ./TestLEDController.cpp.o
                0x00081650                TestLEDController::setLEDGroupOn(LEDGroupData*)
 .text._ZN17TestLEDControllerD0Ev
                0x00081694       0x14 ./TestLEDController.cpp.o
                0x00081694                TestLEDController::~TestLEDController()
 .text._GLOBAL__I_pinleds
                0x000816a8       0x3c ./TestLEDController.cpp.o
 .text._ZN19WS2812LEDControllerD1Ev
                0x000816e4        0xc ./WS2812LEDController.cpp.o
                0x000816e4                WS2812LEDController::~WS2812LEDController()
 .text._ZN19ClocklessControllerILh8ELi21ELi53ELi32EL6EOrder66ELi0ELb0ELi50EE9clearLedsEi
                0x000816f0       0x2a ./WS2812LEDController.cpp.o
                0x000816f0                ClocklessController<(unsigned char)8, 21, 53, 32, (EOrder)66, 0, false, 50>::clearLeds(int)
 .text._ZNK19ClocklessControllerILh8ELi21ELi53ELi32EL6EOrder66ELi0ELb0ELi50EE17getMaxRefreshRateEv
                0x0008171a        0x6 ./WS2812LEDController.cpp.o
                0x0008171a                ClocklessController<(unsigned char)8, 21, 53, 32, (EOrder)66, 0, false, 50>::getMaxRefreshRate() const
 .text._ZN15PixelControllerIL6EOrder66EE21init_binary_ditheringEv
                0x00081720       0x60 ./WS2812LEDController.cpp.o
                0x00081720                PixelController<(EOrder)66>::init_binary_dithering()
 .text._ZN19WS2812LEDController9setLEDOffEP7LEDData
                0x00081780       0x54 ./WS2812LEDController.cpp.o
                0x00081780                WS2812LEDController::setLEDOff(LEDData*)
 .text._ZN19WS2812LEDController8setLEDOnEP7LEDData
                0x000817d4       0x60 ./WS2812LEDController.cpp.o
                0x000817d4                WS2812LEDController::setLEDOn(LEDData*)
 .text._ZN19WS2812LEDController14setLEDGroupOffEP12LEDGroupData
                0x00081834       0x42 ./WS2812LEDController.cpp.o
                0x00081834                WS2812LEDController::setLEDGroupOff(LEDGroupData*)
 *fill*         0x00081876        0x2 00
 .text._ZN19WS2812LEDController12setAllLEDOffEv
                0x00081878       0x68 ./WS2812LEDController.cpp.o
                0x00081878                WS2812LEDController::setAllLEDOff()
 .text._ZN19WS2812LEDController11setAllLEDOnEv
                0x000818e0       0x7c ./WS2812LEDController.cpp.o
                0x000818e0                WS2812LEDController::setAllLEDOn()
 .text._ZN19WS2812LEDController18setLEDGroupOnColorEP12LEDGroupDatam
                0x0008195c       0x80 ./WS2812LEDController.cpp.o
                0x0008195c                WS2812LEDController::setLEDGroupOnColor(LEDGroupData*, unsigned long)
 .text._ZN19WS2812LEDController13setLEDGroupOnEP12LEDGroupData
                0x000819dc       0x7c ./WS2812LEDController.cpp.o
                0x000819dc                WS2812LEDController::setLEDGroupOn(LEDGroupData*)
 .text._ZN19WS2812LEDControllerD0Ev
                0x00081a58       0x14 ./WS2812LEDController.cpp.o
                0x00081a58                WS2812LEDController::~WS2812LEDController()
 .text._ZN8CFastLED7addLedsI8NEOPIXELLh8EEER14CLEDControllerP4CRGBii
                0x00081a6c       0x84 ./WS2812LEDController.cpp.o
                0x00081a6c                CLEDController& CFastLED::addLeds<NEOPIXEL, (unsigned char)8>(CRGB*, int, int)
 .text._ZN19WS2812LEDControllerC1Ev
                0x00081af0       0x24 ./WS2812LEDController.cpp.o
                0x00081af0                WS2812LEDController::WS2812LEDController()
 .text._ZN19ClocklessControllerILh8ELi21ELi53ELi32EL6EOrder66ELi0ELb0ELi50EE4initEv
                0x00081b14       0x1c ./WS2812LEDController.cpp.o
                0x00081b14                ClocklessController<(unsigned char)8, 21, 53, 32, (EOrder)66, 0, false, 50>::init()
 .text._ZN19ClocklessControllerILh8ELi21ELi53ELi32EL6EOrder66ELi0ELb0ELi50EE15showRGBInternalER15PixelControllerILS0_66EE
                0x00081b30      0x1f8 ./WS2812LEDController.cpp.o
                0x00081b30                ClocklessController<(unsigned char)8, 21, 53, 32, (EOrder)66, 0, false, 50>::showRGBInternal(PixelController<(EOrder)66>&)
 .text._ZN19ClocklessControllerILh8ELi21ELi53ELi32EL6EOrder66ELi0ELb0ELi50EE4showEPK4CRGBiS2_
                0x00081d28       0x68 ./WS2812LEDController.cpp.o
                0x00081d28                ClocklessController<(unsigned char)8, 21, 53, 32, (EOrder)66, 0, false, 50>::show(CRGB const*, int, CRGB)
 .text._ZN19ClocklessControllerILh8ELi21ELi53ELi32EL6EOrder66ELi0ELb0ELi50EE9showColorERK4CRGBiS2_
                0x00081d90       0x68 ./WS2812LEDController.cpp.o
                0x00081d90                ClocklessController<(unsigned char)8, 21, 53, 32, (EOrder)66, 0, false, 50>::showColor(CRGB const&, int, CRGB)
 .text._ZN15mp3SerialPlayerC1EP14HardwareSerialS1_
                0x00081df8       0x10 ./mp3SerialPlayer.cpp.o
                0x00081df8                mp3SerialPlayer::mp3SerialPlayer(HardwareSerial*, HardwareSerial*)
 .text._ZN15mp3SerialPlayerD1Ev
                0x00081e08        0xc ./mp3SerialPlayer.cpp.o
                0x00081e08                mp3SerialPlayer::~mp3SerialPlayer()
 .text._ZN15mp3SerialPlayerD0Ev
                0x00081e14       0x14 ./mp3SerialPlayer.cpp.o
                0x00081e14                mp3SerialPlayer::~mp3SerialPlayer()
 .text._ZN15mp3SerialPlayer11checkAnswerEh
                0x00081e28       0x2e ./mp3SerialPlayer.cpp.o
                0x00081e28                mp3SerialPlayer::checkAnswer(unsigned char)
 .text._ZN15mp3SerialPlayer9setVolumeEh
                0x00081e56       0x44 ./mp3SerialPlayer.cpp.o
                0x00081e56                mp3SerialPlayer::setVolume(unsigned char)
 .text._ZN15mp3SerialPlayer12setMusicPlayEhh
                0x00081e9a       0x50 ./mp3SerialPlayer.cpp.o
                0x00081e9a                mp3SerialPlayer::setMusicPlay(unsigned char, unsigned char)
 *fill*         0x00081eea        0x2 00
 .text._ZN15mp3SerialPlayer11setPlayModeEh
                0x00081eec       0x58 ./mp3SerialPlayer.cpp.o
                0x00081eec                mp3SerialPlayer::setPlayMode(unsigned char)
 .text._ZN8CFastLEDC1Ev
                0x00081f44        0xe ./fastLED/FastLED.cpp.o
                0x00081f44                CFastLED::CFastLED()
 *fill*         0x00081f52        0x2 00
 .text._ZN8CFastLED17setMaxRefreshRateEtb
                0x00081f54       0x2c ./fastLED/FastLED.cpp.o
                0x00081f54                CFastLED::setMaxRefreshRate(unsigned short, bool)
 .text._ZN8CFastLED7addLedsEP14CLEDControllerP4CRGBii
                0x00081f80       0x3c ./fastLED/FastLED.cpp.o
                0x00081f80                CFastLED::addLeds(CLEDController*, CRGB*, int, int)
 .text._ZN8CFastLED8countFPSEi
                0x00081fbc       0x3c ./fastLED/FastLED.cpp.o
                0x00081fbc                CFastLED::countFPS(int)
 .text._ZN8CFastLED4showEh
                0x00081ff8       0xb4 ./fastLED/FastLED.cpp.o
                0x00081ff8                CFastLED::show(unsigned char)
 .text._GLOBAL__I_fuckit
                0x000820ac        0xc ./fastLED/FastLED.cpp.o
 .text.init     0x000820b8      0x11c C:/AWorkspace/ComConst/Release/arduino.ar(variant.cpp.o)
                0x000820b8                init
 .text.USART3_Handler
                0x000821d4        0xc C:/AWorkspace/ComConst/Release/arduino.ar(variant.cpp.o)
                0x000821d4                USART3_Handler
 .text.USART1_Handler
                0x000821e0        0xc C:/AWorkspace/ComConst/Release/arduino.ar(variant.cpp.o)
                0x000821e0                USART1_Handler
 .text.USART0_Handler
                0x000821ec        0xc C:/AWorkspace/ComConst/Release/arduino.ar(variant.cpp.o)
                0x000821ec                USART0_Handler
 .text.UART_Handler
                0x000821f8        0xc C:/AWorkspace/ComConst/Release/arduino.ar(variant.cpp.o)
                0x000821f8                UART_Handler
 .text._GLOBAL__I_g_APinDescription
                0x00082204       0x8c C:/AWorkspace/ComConst/Release/arduino.ar(variant.cpp.o)
 .text._ZN5Print5writeEPKhj
                0x00082290       0x2e C:/AWorkspace/ComConst/Release/arduino.ar(Print.cpp.o)
                0x00082290                Print::write(unsigned char const*, unsigned int)
 .text._ZN5Print5printEc
                0x000822be        0xa C:/AWorkspace/ComConst/Release/arduino.ar(Print.cpp.o)
                0x000822be                Print::print(char)
 .text._ZN5Print7printlnEv
                0x000822c8       0x18 C:/AWorkspace/ComConst/Release/arduino.ar(Print.cpp.o)
                0x000822c8                Print::println()
 .text._ZN5Print5writeEPKc
                0x000822e0       0x20 C:/AWorkspace/ComConst/Release/arduino.ar(Print.cpp.o)
                0x000822e0                Print::write(char const*)
 .text._ZN5Print11printNumberEmh
                0x00082300       0x3e C:/AWorkspace/ComConst/Release/arduino.ar(Print.cpp.o)
                0x00082300                Print::printNumber(unsigned long, unsigned char)
 .text._ZN5Print5printEmi
                0x0008233e       0x1a C:/AWorkspace/ComConst/Release/arduino.ar(Print.cpp.o)
                0x0008233e                Print::print(unsigned long, int)
 .text._ZN5Print7printlnEmi
                0x00082358       0x14 C:/AWorkspace/ComConst/Release/arduino.ar(Print.cpp.o)
                0x00082358                Print::println(unsigned long, int)
 .text._ZN5Print5printEhi
                0x0008236c        0x4 C:/AWorkspace/ComConst/Release/arduino.ar(Print.cpp.o)
                0x0008236c                Print::print(unsigned char, int)
 .text._ZN5Print7printlnEhi
                0x00082370       0x14 C:/AWorkspace/ComConst/Release/arduino.ar(Print.cpp.o)
                0x00082370                Print::println(unsigned char, int)
 .text._ZN5Print5printEli
                0x00082384       0x42 C:/AWorkspace/ComConst/Release/arduino.ar(Print.cpp.o)
                0x00082384                Print::print(long, int)
 .text._ZN5Print5printEii
                0x000823c6        0x4 C:/AWorkspace/ComConst/Release/arduino.ar(Print.cpp.o)
                0x000823c6                Print::print(int, int)
 .text._ZN5Print7printlnEii
                0x000823ca       0x14 C:/AWorkspace/ComConst/Release/arduino.ar(Print.cpp.o)
                0x000823ca                Print::println(int, int)
 .text._ZN5Print5printEPKc
                0x000823de        0x4 C:/AWorkspace/ComConst/Release/arduino.ar(Print.cpp.o)
                0x000823de                Print::print(char const*)
 .text._ZN5Print7printlnEPKc
                0x000823e2       0x14 C:/AWorkspace/ComConst/Release/arduino.ar(Print.cpp.o)
                0x000823e2                Print::println(char const*)
 .text._ZN10RingBuffer10store_charEh
                0x000823f6       0x16 C:/AWorkspace/ComConst/Release/arduino.ar(RingBuffer.cpp.o)
                0x000823f6                RingBuffer::store_char(unsigned char)
 .text._ZN10RingBufferC1Ev
                0x0008240c       0x16 C:/AWorkspace/ComConst/Release/arduino.ar(RingBuffer.cpp.o)
                0x0008240c                RingBuffer::RingBuffer()
 .text._ZN6Stream10setTimeoutEm
                0x00082422        0x4 C:/AWorkspace/ComConst/Release/arduino.ar(Stream.cpp.o)
                0x00082422                Stream::setTimeout(unsigned long)
 .text._ZN6Stream9timedReadEv
                0x00082426       0x2a C:/AWorkspace/ComConst/Release/arduino.ar(Stream.cpp.o)
                0x00082426                Stream::timedRead()
 .text._ZN6Stream9readBytesEPcj
                0x00082450       0x22 C:/AWorkspace/ComConst/Release/arduino.ar(Stream.cpp.o)
                0x00082450                Stream::readBytes(char*, unsigned int)
 .text._ZN9UARTClasscvbEv
                0x00082472        0x4 C:/AWorkspace/ComConst/Release/arduino.ar(UARTClass.cpp.o)
                0x00082472                UARTClass::operator bool()
 *fill*         0x00082476        0x2 00
 .text._ZN9UARTClassC1EP4Uart4IRQnmP10RingBuffer
                0x00082478       0x24 C:/AWorkspace/ComConst/Release/arduino.ar(UARTClass.cpp.o)
                0x00082478                UARTClass::UARTClass(Uart*, IRQn, unsigned long, RingBuffer*)
 .text._ZN9UARTClass9availableEv
                0x0008249c        0xe C:/AWorkspace/ComConst/Release/arduino.ar(UARTClass.cpp.o)
                0x0008249c                UARTClass::available()
 .text._ZN9UARTClass4peekEv
                0x000824aa       0x12 C:/AWorkspace/ComConst/Release/arduino.ar(UARTClass.cpp.o)
                0x000824aa                UARTClass::peek()
 .text._ZN9UARTClass4readEv
                0x000824bc       0x1c C:/AWorkspace/ComConst/Release/arduino.ar(UARTClass.cpp.o)
                0x000824bc                UARTClass::read()
 .text._ZN9UARTClass5flushEv
                0x000824d8        0xc C:/AWorkspace/ComConst/Release/arduino.ar(UARTClass.cpp.o)
                0x000824d8                UARTClass::flush()
 .text._ZN9UARTClass5writeEh
                0x000824e4       0x10 C:/AWorkspace/ComConst/Release/arduino.ar(UARTClass.cpp.o)
                0x000824e4                UARTClass::write(unsigned char)
 .text._ZN9UARTClass10IrqHandlerEv
                0x000824f4       0x2a C:/AWorkspace/ComConst/Release/arduino.ar(UARTClass.cpp.o)
                0x000824f4                UARTClass::IrqHandler()
 *fill*         0x0008251e        0x2 00
 .text._ZN9UARTClass5beginEm
                0x00082520       0x5c C:/AWorkspace/ComConst/Release/arduino.ar(UARTClass.cpp.o)
                0x00082520                UARTClass::begin(unsigned long)
 .text._ZN10USARTClasscvbEv
                0x0008257c        0x4 C:/AWorkspace/ComConst/Release/arduino.ar(USARTClass.cpp.o)
                0x0008257c                USARTClass::operator bool()
 .text._ZN10USARTClassC1EP5Usart4IRQnmP10RingBuffer
                0x00082580       0x24 C:/AWorkspace/ComConst/Release/arduino.ar(USARTClass.cpp.o)
                0x00082580                USARTClass::USARTClass(Usart*, IRQn, unsigned long, RingBuffer*)
 .text._ZN10USARTClass9availableEv
                0x000825a4        0xe C:/AWorkspace/ComConst/Release/arduino.ar(USARTClass.cpp.o)
                0x000825a4                USARTClass::available()
 .text._ZN10USARTClass4peekEv
                0x000825b2       0x12 C:/AWorkspace/ComConst/Release/arduino.ar(USARTClass.cpp.o)
                0x000825b2                USARTClass::peek()
 .text._ZN10USARTClass4readEv
                0x000825c4       0x1c C:/AWorkspace/ComConst/Release/arduino.ar(USARTClass.cpp.o)
                0x000825c4                USARTClass::read()
 .text._ZN10USARTClass5flushEv
                0x000825e0        0xc C:/AWorkspace/ComConst/Release/arduino.ar(USARTClass.cpp.o)
                0x000825e0                USARTClass::flush()
 .text._ZN10USARTClass5writeEh
                0x000825ec       0x10 C:/AWorkspace/ComConst/Release/arduino.ar(USARTClass.cpp.o)
                0x000825ec                USARTClass::write(unsigned char)
 .text._ZN10USARTClass10IrqHandlerEv
                0x000825fc       0x2a C:/AWorkspace/ComConst/Release/arduino.ar(USARTClass.cpp.o)
                0x000825fc                USARTClass::IrqHandler()
 *fill*         0x00082626        0x2 00
 .text._ZN10USARTClass5beginEm
                0x00082628       0x5c C:/AWorkspace/ComConst/Release/arduino.ar(USARTClass.cpp.o)
                0x00082628                USARTClass::begin(unsigned long)
 .text.micros   0x00082684       0x40 C:/AWorkspace/ComConst/Release/arduino.ar(wiring.c.o)
                0x00082684                micros
 .text.millis   0x000826c4        0x4 C:/AWorkspace/ComConst/Release/arduino.ar(wiring.c.o)
                0x000826c4                millis
 .text.delay    0x000826c8       0x1a C:/AWorkspace/ComConst/Release/arduino.ar(wiring.c.o)
                0x000826c8                delay
 *fill*         0x000826e2        0x2 00
 .text.analogOutputInit
                0x000826e4       0x14 C:/AWorkspace/ComConst/Release/arduino.ar(wiring_analog.c.o)
                0x000826e4                analogOutputInit
 .text.digitalRead
                0x000826f8       0x28 C:/AWorkspace/ComConst/Release/arduino.ar(wiring_digital.c.o)
                0x000826f8                digitalRead
 .text.digitalWrite
                0x00082720       0x48 C:/AWorkspace/ComConst/Release/arduino.ar(wiring_digital.c.o)
                0x00082720                digitalWrite
 .text.pinMode  0x00082768       0x68 C:/AWorkspace/ComConst/Release/arduino.ar(wiring_digital.c.o)
                0x00082768                pinMode
 .text.__empty  0x000827d0        0x2 C:/AWorkspace/ComConst/Release/arduino.ar(hooks.c.o)
                0x000827d0                yield
 .text.__false  0x000827d2        0x4 C:/AWorkspace/ComConst/Release/arduino.ar(hooks.c.o)
                0x000827d2                sysTickHook
 .text.__halt   0x000827d6        0x2 C:/AWorkspace/ComConst/Release/arduino.ar(hooks.c.o)
                0x000827d6                svcHook
                0x000827d6                pendSVHook
 .text.PIO_DisableInterrupt
                0x000827d8        0x4 C:/arduino-1.5.2/hardware/arduino/sam/variants/arduino_due_x/libsam_sam3x8e_gcc_rel.a(pio.o)
                0x000827d8                PIO_DisableInterrupt
 .text.PIO_PullUp
                0x000827dc        0xa C:/arduino-1.5.2/hardware/arduino/sam/variants/arduino_due_x/libsam_sam3x8e_gcc_rel.a(pio.o)
                0x000827dc                PIO_PullUp
 .text.PIO_Get  0x000827e6       0x16 C:/arduino-1.5.2/hardware/arduino/sam/variants/arduino_due_x/libsam_sam3x8e_gcc_rel.a(pio.o)
                0x000827e6                PIO_Get
 .text.PIO_SetPeripheral
                0x000827fc       0x2a C:/arduino-1.5.2/hardware/arduino/sam/variants/arduino_due_x/libsam_sam3x8e_gcc_rel.a(pio.o)
                0x000827fc                PIO_SetPeripheral
 *fill*         0x00082826        0x2 00
 .text.PIO_SetInput
                0x00082828       0x40 C:/arduino-1.5.2/hardware/arduino/sam/variants/arduino_due_x/libsam_sam3x8e_gcc_rel.a(pio.o)
                0x00082828                PIO_SetInput
 .text.PIO_SetOutput
                0x00082868       0x38 C:/arduino-1.5.2/hardware/arduino/sam/variants/arduino_due_x/libsam_sam3x8e_gcc_rel.a(pio.o)
                0x00082868                PIO_SetOutput
 .text.PIO_Configure
                0x000828a0       0x74 C:/arduino-1.5.2/hardware/arduino/sam/variants/arduino_due_x/libsam_sam3x8e_gcc_rel.a(pio.o)
                0x000828a0                PIO_Configure
 .text.PIO_GetOutputDataStatus
                0x00082914       0x16 C:/arduino-1.5.2/hardware/arduino/sam/variants/arduino_due_x/libsam_sam3x8e_gcc_rel.a(pio.o)
                0x00082914                PIO_GetOutputDataStatus
 *fill*         0x0008292a        0x2 00
 .text.pmc_enable_upll_clock
                0x0008292c       0x18 C:/arduino-1.5.2/hardware/arduino/sam/variants/arduino_due_x/libsam_sam3x8e_gcc_rel.a(pmc.o)
                0x0008292c                pmc_enable_upll_clock
 .text.pmc_enable_periph_clk
                0x00082944       0x48 C:/arduino-1.5.2/hardware/arduino/sam/variants/arduino_due_x/libsam_sam3x8e_gcc_rel.a(pmc.o)
                0x00082944                pmc_enable_periph_clk
 .text.pmc_disable_periph_clk
                0x0008298c       0x48 C:/arduino-1.5.2/hardware/arduino/sam/variants/arduino_due_x/libsam_sam3x8e_gcc_rel.a(pmc.o)
                0x0008298c                pmc_disable_periph_clk
 .text.pmc_switch_udpck_to_upllck
                0x000829d4       0x14 C:/arduino-1.5.2/hardware/arduino/sam/variants/arduino_due_x/libsam_sam3x8e_gcc_rel.a(pmc.o)
                0x000829d4                pmc_switch_udpck_to_upllck
 .text.pmc_enable_udpck
                0x000829e8        0xc C:/arduino-1.5.2/hardware/arduino/sam/variants/arduino_due_x/libsam_sam3x8e_gcc_rel.a(pmc.o)
                0x000829e8                pmc_enable_udpck
 .text.TC_Configure
                0x000829f4       0x38 C:/arduino-1.5.2/hardware/arduino/sam/variants/arduino_due_x/libsam_sam3x8e_gcc_rel.a(tc.o)
                0x000829f4                TC_Configure
 .text.TC_Start
                0x00082a2c       0x2c C:/arduino-1.5.2/hardware/arduino/sam/variants/arduino_due_x/libsam_sam3x8e_gcc_rel.a(tc.o)
                0x00082a2c                TC_Start
 .text.TC_Stop  0x00082a58       0x2c C:/arduino-1.5.2/hardware/arduino/sam/variants/arduino_due_x/libsam_sam3x8e_gcc_rel.a(tc.o)
                0x00082a58                TC_Stop
 .text.TimeTick_Increment
                0x00082a84       0x10 C:/arduino-1.5.2/hardware/arduino/sam/variants/arduino_due_x/libsam_sam3x8e_gcc_rel.a(timetick.o)
                0x00082a84                TimeTick_Increment
 .text.GetTickCount
                0x00082a94        0xc C:/arduino-1.5.2/hardware/arduino/sam/variants/arduino_due_x/libsam_sam3x8e_gcc_rel.a(timetick.o)
                0x00082a94                GetTickCount
 .text.WDT_Disable
                0x00082aa0        0x8 C:/arduino-1.5.2/hardware/arduino/sam/variants/arduino_due_x/libsam_sam3x8e_gcc_rel.a(wdt.o)
                0x00082aa0                WDT_Disable
 .text.SystemInit
                0x00082aa8       0x9c C:/arduino-1.5.2/hardware/arduino/sam/variants/arduino_due_x/libsam_sam3x8e_gcc_rel.a(system_sam3xa.o)
                0x00082aa8                SystemInit
 .text.Reset_Handler
                0x00082b44       0x70 C:/arduino-1.5.2/hardware/arduino/sam/variants/arduino_due_x/libsam_sam3x8e_gcc_rel.a(startup_sam3xa.o)
                0x00082b44                Reset_Handler
 .text.adc_init
                0x00082bb4       0x3a C:/arduino-1.5.2/hardware/arduino/sam/variants/arduino_due_x/libsam_sam3x8e_gcc_rel.a(adc.o)
                0x00082bb4                adc_init
 .text.adc_configure_trigger
                0x00082bee       0x10 C:/arduino-1.5.2/hardware/arduino/sam/variants/arduino_due_x/libsam_sam3x8e_gcc_rel.a(adc.o)
                0x00082bee                adc_configure_trigger
 .text.adc_configure_timing
                0x00082bfe       0x1a C:/arduino-1.5.2/hardware/arduino/sam/variants/arduino_due_x/libsam_sam3x8e_gcc_rel.a(adc.o)
                0x00082bfe                adc_configure_timing
 .text.adc_disable_all_channel
                0x00082c18        0x8 C:/arduino-1.5.2/hardware/arduino/sam/variants/arduino_due_x/libsam_sam3x8e_gcc_rel.a(adc.o)
                0x00082c18                adc_disable_all_channel
 .text.adc_disable_interrupt
                0x00082c20        0x4 C:/arduino-1.5.2/hardware/arduino/sam/variants/arduino_due_x/libsam_sam3x8e_gcc_rel.a(adc.o)
                0x00082c20                adc_disable_interrupt
 .text.UOTGHS_Handler
                0x00082c24       0x10 C:/arduino-1.5.2/hardware/arduino/sam/variants/arduino_due_x/libsam_sam3x8e_gcc_rel.a(uotghs.o)
                0x00082c24                UOTGHS_Handler
 .text.PIOA_Handler
                0x00082c34       0x2c C:/AWorkspace/ComConst/Release/arduino.ar(WInterrupts.c.o)
                0x00082c34                PIOA_Handler
 .text.PIOB_Handler
                0x00082c60       0x2c C:/AWorkspace/ComConst/Release/arduino.ar(WInterrupts.c.o)
                0x00082c60                PIOB_Handler
 .text.PIOC_Handler
                0x00082c8c       0x2c C:/AWorkspace/ComConst/Release/arduino.ar(WInterrupts.c.o)
                0x00082c8c                PIOC_Handler
 .text.PIOD_Handler
                0x00082cb8       0x2c C:/AWorkspace/ComConst/Release/arduino.ar(WInterrupts.c.o)
                0x00082cb8                PIOD_Handler
 .text.__halt   0x00082ce4        0x2 C:/AWorkspace/ComConst/Release/arduino.ar(cortex_handlers.c.o)
                0x00082ce4                DACC_Handler
                0x00082ce4                DebugMon_Handler
                0x00082ce4                DMAC_Handler
                0x00082ce4                TRNG_Handler
                0x00082ce4                HardFault_Handler
                0x00082ce4                TC2_Handler
                0x00082ce4                TWI1_Handler
                0x00082ce4                NMI_Handler
                0x00082ce4                TC7_Handler
                0x00082ce4                ADC_Handler
                0x00082ce4                SMC_Handler
                0x00082ce4                RTT_Handler
                0x00082ce4                EFC1_Handler
                0x00082ce4                RTC_Handler
                0x00082ce4                UsageFault_Handler
                0x00082ce4                TC6_Handler
                0x00082ce4                WDT_Handler
                0x00082ce4                CAN0_Handler
                0x00082ce4                TC4_Handler
                0x00082ce4                TC1_Handler
                0x00082ce4                HSMCI_Handler
                0x00082ce4                TC3_Handler
                0x00082ce4                TWI0_Handler
                0x00082ce4                SSC_Handler
                0x00082ce4                EFC0_Handler
                0x00082ce4                PMC_Handler
                0x00082ce4                PWM_Handler
                0x00082ce4                CAN1_Handler
                0x00082ce4                MemManage_Handler
                0x00082ce4                SUPC_Handler
                0x00082ce4                TC8_Handler
                0x00082ce4                USART2_Handler
                0x00082ce4                EMAC_Handler
                0x00082ce4                BusFault_Handler
                0x00082ce4                RSTC_Handler
                0x00082ce4                TC0_Handler
                0x00082ce4                TC5_Handler
                0x00082ce4                SPI0_Handler
 .text.SysTick_Handler
                0x00082ce6       0x16 C:/AWorkspace/ComConst/Release/arduino.ar(cortex_handlers.c.o)
                0x00082ce6                SysTick_Handler
 .text.PendSV_Handler
                0x00082cfc        0x4 C:/AWorkspace/ComConst/Release/arduino.ar(cortex_handlers.c.o)
                0x00082cfc                PendSV_Handler
 .text.SVC_Handler
                0x00082d00        0x4 C:/AWorkspace/ComConst/Release/arduino.ar(cortex_handlers.c.o)
                0x00082d00                SVC_Handler
 .text.main     0x00082d04       0x30 C:/AWorkspace/ComConst/Release/arduino.ar(main.cpp.o)
                0x00082d04                main
 .text._Z16USBD_InitControli
                0x00082d34       0x14 C:/AWorkspace/ComConst/Release/arduino.ar(USBCore.cpp.o)
                0x00082d34                USBD_InitControl(int)
 .text._ZL11USB_SendZlpv
                0x00082d48       0x24 C:/AWorkspace/ComConst/Release/arduino.ar(USBCore.cpp.o)
 .text._ZN10USBDevice_6attachEv
                0x00082d6c       0x20 C:/AWorkspace/ComConst/Release/arduino.ar(USBCore.cpp.o)
                0x00082d6c                USBDevice_::attach()
 .text._ZN10USBDevice_C1Ev
                0x00082d8c       0x24 C:/AWorkspace/ComConst/Release/arduino.ar(USBCore.cpp.o)
                0x00082d8c                USBDevice_::USBDevice_()
 .text._Z14USBD_Availablem
                0x00082db0       0x2c C:/AWorkspace/ComConst/Release/arduino.ar(USBCore.cpp.o)
                0x00082db0                USBD_Available(unsigned long)
 .text._Z10USBD_Flushm
                0x00082ddc       0x16 C:/AWorkspace/ComConst/Release/arduino.ar(USBCore.cpp.o)
                0x00082ddc                USBD_Flush(unsigned long)
 .text._Z24USBD_SendOtherInterfacesv
                0x00082df2       0x1c C:/AWorkspace/ComConst/Release/arduino.ar(USBCore.cpp.o)
                0x00082df2                USBD_SendOtherInterfaces()
 .text._Z19USBD_SendInterfacesv
                0x00082e0e       0x1c C:/AWorkspace/ComConst/Release/arduino.ar(USBCore.cpp.o)
                0x00082e0e                USBD_SendInterfaces()
 .text._Z26USBD_ClassInterfaceRequestR5Setup
                0x00082e2a       0x14 C:/AWorkspace/ComConst/Release/arduino.ar(USBCore.cpp.o)
                0x00082e2a                USBD_ClassInterfaceRequest(Setup&)
 .text._Z16USBD_RecvControlPvm
                0x00082e3e       0x1c C:/AWorkspace/ComConst/Release/arduino.ar(USBCore.cpp.o)
                0x00082e3e                USBD_RecvControl(void*, unsigned long)
 *fill*         0x00082e5a        0x2 00
 .text._Z16USBD_SendControlhPKvm
                0x00082e5c       0x40 C:/AWorkspace/ComConst/Release/arduino.ar(USBCore.cpp.o)
                0x00082e5c                USBD_SendControl(unsigned char, void const*, unsigned long)
 .text._ZL7USB_ISRv
                0x00082e9c      0x430 C:/AWorkspace/ComConst/Release/arduino.ar(USBCore.cpp.o)
 .text._Z9USBD_SendmPKvm
                0x000832cc       0x4c C:/AWorkspace/ComConst/Release/arduino.ar(USBCore.cpp.o)
                0x000832cc                USBD_Send(unsigned long, void const*, unsigned long)
 .text._Z9USBD_RecvmPvm
                0x00083318       0x7c C:/AWorkspace/ComConst/Release/arduino.ar(USBCore.cpp.o)
                0x00083318                USBD_Recv(unsigned long, void*, unsigned long)
 .text._Z9USBD_Recvm
                0x00083394       0x1e C:/AWorkspace/ComConst/Release/arduino.ar(USBCore.cpp.o)
                0x00083394                USBD_Recv(unsigned long)
 *fill*         0x000833b2        0x2 00
 .text._GLOBAL__I_TxLEDPulse
                0x000833b4        0xc C:/AWorkspace/ComConst/Release/arduino.ar(USBCore.cpp.o)
 .text.initiateReset
                0x000833c0        0xc C:/AWorkspace/ComConst/Release/arduino.ar(Reset.cpp.o)
                0x000833c0                initiateReset
 .text.cancelReset
                0x000833cc       0x10 C:/AWorkspace/ComConst/Release/arduino.ar(Reset.cpp.o)
                0x000833cc                cancelReset
 .text.tickReset
                0x000833dc       0x20 C:/AWorkspace/ComConst/Release/arduino.ar(Reset.cpp.o)
                0x000833dc                tickReset
 .text._ZN7Serial_9availableEv
                0x000833fc       0x18 C:/AWorkspace/ComConst/Release/arduino.ar(CDC.cpp.o)
                0x000833fc                Serial_::available()
 .text._ZN7Serial_4peekEv
                0x00083414       0x20 C:/AWorkspace/ComConst/Release/arduino.ar(CDC.cpp.o)
                0x00083414                Serial_::peek()
 .text._ZN7Serial_5writeEh
                0x00083434       0x14 C:/AWorkspace/ComConst/Release/arduino.ar(CDC.cpp.o)
                0x00083434                Serial_::write(unsigned char)
 .text._ZN7Serial_5writeEPKhj
                0x00083448       0x28 C:/AWorkspace/ComConst/Release/arduino.ar(CDC.cpp.o)
                0x00083448                Serial_::write(unsigned char const*, unsigned int)
 .text._ZN7Serial_5flushEv
                0x00083470        0x6 C:/AWorkspace/ComConst/Release/arduino.ar(CDC.cpp.o)
                0x00083470                Serial_::flush()
 *fill*         0x00083476        0x2 00
 .text._ZN7Serial_4readEv
                0x00083478       0x44 C:/AWorkspace/ComConst/Release/arduino.ar(CDC.cpp.o)
                0x00083478                Serial_::read()
 .text._ZN7Serial_6acceptEv
                0x000834bc       0x6c C:/AWorkspace/ComConst/Release/arduino.ar(CDC.cpp.o)
                0x000834bc                Serial_::accept()
 .text._Z21CDC_GetOtherInterfacePh
                0x00083528       0x14 C:/AWorkspace/ComConst/Release/arduino.ar(CDC.cpp.o)
                0x00083528                CDC_GetOtherInterface(unsigned char*)
 .text._Z16CDC_GetInterfacePh
                0x0008353c       0x14 C:/AWorkspace/ComConst/Release/arduino.ar(CDC.cpp.o)
                0x0008353c                CDC_GetInterface(unsigned char*)
 .text._Z9CDC_SetupR5Setup
                0x00083550       0x60 C:/AWorkspace/ComConst/Release/arduino.ar(CDC.cpp.o)
                0x00083550                CDC_Setup(Setup&)
 .text._GLOBAL__I_cdc_rx_buffer
                0x000835b0       0x1c C:/AWorkspace/ComConst/Release/arduino.ar(CDC.cpp.o)
 .text._Z9HID_SetupR5Setup
                0x000835cc       0x44 C:/AWorkspace/ComConst/Release/arduino.ar(HID.cpp.o)
                0x000835cc                HID_Setup(Setup&)
 .text._ZN6Mouse_C1Ev
                0x00083610        0x6 C:/AWorkspace/ComConst/Release/arduino.ar(HID.cpp.o)
                0x00083610                Mouse_::Mouse_()
 *fill*         0x00083616        0x2 00
 .text._ZN9Keyboard_C1Ev
                0x00083618       0x10 C:/AWorkspace/ComConst/Release/arduino.ar(HID.cpp.o)
                0x00083618                Keyboard_::Keyboard_()
 .text._ZN9Keyboard_5writeEh
                0x00083628       0x1c C:/AWorkspace/ComConst/Release/arduino.ar(HID.cpp.o)
                0x00083628                Keyboard_::write(unsigned char)
 .text._Z14HID_SendReporthPKvm
                0x00083644       0x2c C:/AWorkspace/ComConst/Release/arduino.ar(HID.cpp.o)
                0x00083644                HID_SendReport(unsigned char, void const*, unsigned long)
 .text._ZN9Keyboard_10sendReportEP9KeyReport
                0x00083670        0x8 C:/AWorkspace/ComConst/Release/arduino.ar(HID.cpp.o)
                0x00083670                Keyboard_::sendReport(KeyReport*)
 .text._ZN9Keyboard_10releaseAllEv
                0x00083678       0x18 C:/AWorkspace/ComConst/Release/arduino.ar(HID.cpp.o)
                0x00083678                Keyboard_::releaseAll()
 .text._ZN9Keyboard_7releaseEh
                0x00083690       0x74 C:/AWorkspace/ComConst/Release/arduino.ar(HID.cpp.o)
                0x00083690                Keyboard_::release(unsigned char)
 .text._ZN9Keyboard_5pressEh
                0x00083704       0x9c C:/AWorkspace/ComConst/Release/arduino.ar(HID.cpp.o)
                0x00083704                Keyboard_::press(unsigned char)
 .text._Z17HID_GetDescriptori
                0x000837a0       0x10 C:/AWorkspace/ComConst/Release/arduino.ar(HID.cpp.o)
                0x000837a0                HID_GetDescriptor(int)
 .text._Z16HID_GetInterfacePh
                0x000837b0       0x14 C:/AWorkspace/ComConst/Release/arduino.ar(HID.cpp.o)
                0x000837b0                HID_GetInterface(unsigned char*)
 .text._GLOBAL__I_Mouse
                0x000837c4       0x1c C:/AWorkspace/ComConst/Release/arduino.ar(HID.cpp.o)
 .text.UDD_SetStack
                0x000837e0        0xc C:/arduino-1.5.2/hardware/arduino/sam/variants/arduino_due_x/libsam_sam3x8e_gcc_rel.a(uotghs_device.o)
                0x000837e0                UDD_SetStack
 .text.UDD_Init
                0x000837ec       0xd0 C:/arduino-1.5.2/hardware/arduino/sam/variants/arduino_due_x/libsam_sam3x8e_gcc_rel.a(uotghs_device.o)
                0x000837ec                UDD_Init
 .text.UDD_Attach
                0x000838bc       0x4c C:/arduino-1.5.2/hardware/arduino/sam/variants/arduino_due_x/libsam_sam3x8e_gcc_rel.a(uotghs_device.o)
                0x000838bc                UDD_Attach
 .text.UDD_InitEP
                0x00083908       0x30 C:/arduino-1.5.2/hardware/arduino/sam/variants/arduino_due_x/libsam_sam3x8e_gcc_rel.a(uotghs_device.o)
                0x00083908                UDD_InitEP
 .text.UDD_InitEndpoints
                0x00083938       0x3c C:/arduino-1.5.2/hardware/arduino/sam/variants/arduino_due_x/libsam_sam3x8e_gcc_rel.a(uotghs_device.o)
                0x00083938                UDD_InitEndpoints
 .text.UDD_WaitIN
                0x00083974       0x14 C:/arduino-1.5.2/hardware/arduino/sam/variants/arduino_due_x/libsam_sam3x8e_gcc_rel.a(uotghs_device.o)
                0x00083974                UDD_WaitIN
 .text.UDD_WaitOUT
                0x00083988       0x14 C:/arduino-1.5.2/hardware/arduino/sam/variants/arduino_due_x/libsam_sam3x8e_gcc_rel.a(uotghs_device.o)
                0x00083988                UDD_WaitOUT
 .text.UDD_ClearIN
                0x0008399c       0x18 C:/arduino-1.5.2/hardware/arduino/sam/variants/arduino_due_x/libsam_sam3x8e_gcc_rel.a(uotghs_device.o)
                0x0008399c                UDD_ClearIN
 .text.UDD_ClearOUT
                0x000839b4       0x18 C:/arduino-1.5.2/hardware/arduino/sam/variants/arduino_due_x/libsam_sam3x8e_gcc_rel.a(uotghs_device.o)
                0x000839b4                UDD_ClearOUT
 .text.UDD_ReceivedSetupInt
                0x000839cc       0x10 C:/arduino-1.5.2/hardware/arduino/sam/variants/arduino_due_x/libsam_sam3x8e_gcc_rel.a(uotghs_device.o)
                0x000839cc                UDD_ReceivedSetupInt
 .text.UDD_ClearSetupInt
                0x000839dc       0x10 C:/arduino-1.5.2/hardware/arduino/sam/variants/arduino_due_x/libsam_sam3x8e_gcc_rel.a(uotghs_device.o)
                0x000839dc                UDD_ClearSetupInt
 .text.UDD_Send
                0x000839ec       0x90 C:/arduino-1.5.2/hardware/arduino/sam/variants/arduino_due_x/libsam_sam3x8e_gcc_rel.a(uotghs_device.o)
                0x000839ec                UDD_Send
 .text.UDD_Send8
                0x00083a7c       0x28 C:/arduino-1.5.2/hardware/arduino/sam/variants/arduino_due_x/libsam_sam3x8e_gcc_rel.a(uotghs_device.o)
                0x00083a7c                UDD_Send8
 .text.UDD_Recv8
                0x00083aa4       0x28 C:/arduino-1.5.2/hardware/arduino/sam/variants/arduino_due_x/libsam_sam3x8e_gcc_rel.a(uotghs_device.o)
                0x00083aa4                UDD_Recv8
 .text.UDD_Recv
                0x00083acc       0x34 C:/arduino-1.5.2/hardware/arduino/sam/variants/arduino_due_x/libsam_sam3x8e_gcc_rel.a(uotghs_device.o)
                0x00083acc                UDD_Recv
 .text.UDD_Stall
                0x00083b00       0x14 C:/arduino-1.5.2/hardware/arduino/sam/variants/arduino_due_x/libsam_sam3x8e_gcc_rel.a(uotghs_device.o)
                0x00083b00                UDD_Stall
 .text.UDD_FifoByteCount
                0x00083b14       0x1c C:/arduino-1.5.2/hardware/arduino/sam/variants/arduino_due_x/libsam_sam3x8e_gcc_rel.a(uotghs_device.o)
                0x00083b14                UDD_FifoByteCount
 .text.UDD_ReleaseRX
                0x00083b30       0x2c C:/arduino-1.5.2/hardware/arduino/sam/variants/arduino_due_x/libsam_sam3x8e_gcc_rel.a(uotghs_device.o)
                0x00083b30                UDD_ReleaseRX
 .text.UDD_ReleaseTX
                0x00083b5c       0x2c C:/arduino-1.5.2/hardware/arduino/sam/variants/arduino_due_x/libsam_sam3x8e_gcc_rel.a(uotghs_device.o)
                0x00083b5c                UDD_ReleaseTX
 .text.UDD_SetAddress
                0x00083b88       0x20 C:/arduino-1.5.2/hardware/arduino/sam/variants/arduino_due_x/libsam_sam3x8e_gcc_rel.a(uotghs_device.o)
                0x00083b88                UDD_SetAddress
 .text.__cxa_guard_release
                0x00083ba8        0x8 c:/arduino-1.5.2/hardware/tools/g++_arm_none_eabi/bin/../lib/gcc/arm-none-eabi/4.4.1/../../../../arm-none-eabi/lib/thumb2\libstdc++.a(guard.o)
                0x00083ba8                __cxa_guard_release
 .text.__cxa_guard_acquire
                0x00083bb0       0x3c c:/arduino-1.5.2/hardware/tools/g++_arm_none_eabi/bin/../lib/gcc/arm-none-eabi/4.4.1/../../../../arm-none-eabi/lib/thumb2\libstdc++.a(guard.o)
                0x00083bb0                __cxa_guard_acquire
 .text._ZN9__gnu_cxx20recursive_init_errorD1Ev
                0x00083bec       0x14 c:/arduino-1.5.2/hardware/tools/g++_arm_none_eabi/bin/../lib/gcc/arm-none-eabi/4.4.1/../../../../arm-none-eabi/lib/thumb2\libstdc++.a(guard.o)
                0x00083bec                __gnu_cxx::recursive_init_error::~recursive_init_error()
 .text._ZN9__gnu_cxx20recursive_init_errorD0Ev
                0x00083c00       0x1c c:/arduino-1.5.2/hardware/tools/g++_arm_none_eabi/bin/../lib/gcc/arm-none-eabi/4.4.1/../../../../arm-none-eabi/lib/thumb2\libstdc++.a(guard.o)
                0x00083c00                __gnu_cxx::recursive_init_error::~recursive_init_error()
 .text._ZNSt9exceptionD2Ev
                0x00083c1c        0xc c:/arduino-1.5.2/hardware/tools/g++_arm_none_eabi/bin/../lib/gcc/arm-none-eabi/4.4.1/../../../../arm-none-eabi/lib/thumb2\libstdc++.a(eh_exception.o)
                0x00083c1c                std::exception::~exception()
 .text._ZNSt9exceptionD1Ev
                0x00083c28        0xc c:/arduino-1.5.2/hardware/tools/g++_arm_none_eabi/bin/../lib/gcc/arm-none-eabi/4.4.1/../../../../arm-none-eabi/lib/thumb2\libstdc++.a(eh_exception.o)
                0x00083c28                std::exception::~exception()
 .text._ZNSt13bad_exceptionD1Ev
                0x00083c34        0xc c:/arduino-1.5.2/hardware/tools/g++_arm_none_eabi/bin/../lib/gcc/arm-none-eabi/4.4.1/../../../../arm-none-eabi/lib/thumb2\libstdc++.a(eh_exception.o)
                0x00083c34                std::bad_exception::~bad_exception()
 .text._ZNKSt9exception4whatEv
                0x00083c40        0xc c:/arduino-1.5.2/hardware/tools/g++_arm_none_eabi/bin/../lib/gcc/arm-none-eabi/4.4.1/../../../../arm-none-eabi/lib/thumb2\libstdc++.a(eh_exception.o)
                0x00083c40                std::exception::what() const
 .text._ZNKSt13bad_exception4whatEv
                0x00083c4c        0xc c:/arduino-1.5.2/hardware/tools/g++_arm_none_eabi/bin/../lib/gcc/arm-none-eabi/4.4.1/../../../../arm-none-eabi/lib/thumb2\libstdc++.a(eh_exception.o)
                0x00083c4c                std::bad_exception::what() const
 .text._ZNSt9exceptionD0Ev
                0x00083c58       0x14 c:/arduino-1.5.2/hardware/tools/g++_arm_none_eabi/bin/../lib/gcc/arm-none-eabi/4.4.1/../../../../arm-none-eabi/lib/thumb2\libstdc++.a(eh_exception.o)
                0x00083c58                std::exception::~exception()
 .text._ZNSt13bad_exceptionD0Ev
                0x00083c6c       0x14 c:/arduino-1.5.2/hardware/tools/g++_arm_none_eabi/bin/../lib/gcc/arm-none-eabi/4.4.1/../../../../arm-none-eabi/lib/thumb2\libstdc++.a(eh_exception.o)
                0x00083c6c                std::bad_exception::~bad_exception()
 .text.__cxa_rethrow
                0x00083c80       0x74 c:/arduino-1.5.2/hardware/tools/g++_arm_none_eabi/bin/../lib/gcc/arm-none-eabi/4.4.1/../../../../arm-none-eabi/lib/thumb2\libstdc++.a(eh_throw.o)
                0x00083c80                __cxa_rethrow
 .text.__cxa_throw
                0x00083cf4       0x68 c:/arduino-1.5.2/hardware/tools/g++_arm_none_eabi/bin/../lib/gcc/arm-none-eabi/4.4.1/../../../../arm-none-eabi/lib/thumb2\libstdc++.a(eh_throw.o)
                0x00083cf4                __cxa_throw
 .text._ZL23__gxx_exception_cleanup19_Unwind_Reason_CodeP21_Unwind_Control_Block
                0x00083d5c       0x2c c:/arduino-1.5.2/hardware/tools/g++_arm_none_eabi/bin/../lib/gcc/arm-none-eabi/4.4.1/../../../../arm-none-eabi/lib/thumb2\libstdc++.a(eh_throw.o)
 .text._ZdlPv   0x00083d88        0x8 c:/arduino-1.5.2/hardware/tools/g++_arm_none_eabi/bin/../lib/gcc/arm-none-eabi/4.4.1/../../../../arm-none-eabi/lib/thumb2\libstdc++.a(del_op.o)
                0x00083d88                operator delete(void*)
 .text.__aeabi_atexit
                0x00083d90        0xc c:/arduino-1.5.2/hardware/tools/g++_arm_none_eabi/bin/../lib/gcc/arm-none-eabi/4.4.1/../../../../arm-none-eabi/lib/thumb2\libstdc++.a(atexit_arm.o)
                0x00083d90                __aeabi_atexit
 .text.__cxa_end_catch
                0x00083d9c       0x94 c:/arduino-1.5.2/hardware/tools/g++_arm_none_eabi/bin/../lib/gcc/arm-none-eabi/4.4.1/../../../../arm-none-eabi/lib/thumb2\libstdc++.a(eh_catch.o)
                0x00083d9c                __cxa_end_catch
 .text.__cxa_begin_catch
                0x00083e30       0x94 c:/arduino-1.5.2/hardware/tools/g++_arm_none_eabi/bin/../lib/gcc/arm-none-eabi/4.4.1/../../../../arm-none-eabi/lib/thumb2\libstdc++.a(eh_catch.o)
                0x00083e30                __cxa_begin_catch
 .text._ZNK10__cxxabiv120__si_class_type_info11__do_upcastEPKNS_17__class_type_infoEPKvRNS1_15__upcast_resultE
                0x00083ec4       0x28 c:/arduino-1.5.2/hardware/tools/g++_arm_none_eabi/bin/../lib/gcc/arm-none-eabi/4.4.1/../../../../arm-none-eabi/lib/thumb2\libstdc++.a(si_class_type_info.o)
                0x00083ec4                __cxxabiv1::__si_class_type_info::__do_upcast(__cxxabiv1::__class_type_info const*, void const*, __cxxabiv1::__class_type_info::__upcast_result&) const
 .text._ZNK10__cxxabiv120__si_class_type_info12__do_dyncastEiNS_17__class_type_info10__sub_kindEPKS1_PKvS4_S6_RNS1_16__dyncast_resultE
                0x00083eec       0x88 c:/arduino-1.5.2/hardware/tools/g++_arm_none_eabi/bin/../lib/gcc/arm-none-eabi/4.4.1/../../../../arm-none-eabi/lib/thumb2\libstdc++.a(si_class_type_info.o)
                0x00083eec                __cxxabiv1::__si_class_type_info::__do_dyncast(int, __cxxabiv1::__class_type_info::__sub_kind, __cxxabiv1::__class_type_info const*, void const*, __cxxabiv1::__class_type_info const*, void const*, __cxxabiv1::__class_type_info::__dyncast_result&) const
 .text._ZNK10__cxxabiv120__si_class_type_info20__do_find_public_srcEiPKvPKNS_17__class_type_infoES2_
                0x00083f74       0x38 c:/arduino-1.5.2/hardware/tools/g++_arm_none_eabi/bin/../lib/gcc/arm-none-eabi/4.4.1/../../../../arm-none-eabi/lib/thumb2\libstdc++.a(si_class_type_info.o)
                0x00083f74                __cxxabiv1::__si_class_type_info::__do_find_public_src(int, void const*, __cxxabiv1::__class_type_info const*, void const*) const
 .text._ZN10__cxxabiv120__si_class_type_infoD1Ev
                0x00083fac       0x14 c:/arduino-1.5.2/hardware/tools/g++_arm_none_eabi/bin/../lib/gcc/arm-none-eabi/4.4.1/../../../../arm-none-eabi/lib/thumb2\libstdc++.a(si_class_type_info.o)
                0x00083fac                __cxxabiv1::__si_class_type_info::~__si_class_type_info()
 .text._ZN10__cxxabiv120__si_class_type_infoD0Ev
                0x00083fc0       0x1c c:/arduino-1.5.2/hardware/tools/g++_arm_none_eabi/bin/../lib/gcc/arm-none-eabi/4.4.1/../../../../arm-none-eabi/lib/thumb2\libstdc++.a(si_class_type_info.o)
                0x00083fc0                __cxxabiv1::__si_class_type_info::~__si_class_type_info()
 .text.__cxa_get_globals_fast
                0x00083fdc        0xc c:/arduino-1.5.2/hardware/tools/g++_arm_none_eabi/bin/../lib/gcc/arm-none-eabi/4.4.1/../../../../arm-none-eabi/lib/thumb2\libstdc++.a(eh_globals.o)
                0x00083fdc                __cxa_get_globals_fast
 .text.__cxa_get_globals
                0x00083fe8        0xc c:/arduino-1.5.2/hardware/tools/g++_arm_none_eabi/bin/../lib/gcc/arm-none-eabi/4.4.1/../../../../arm-none-eabi/lib/thumb2\libstdc++.a(eh_globals.o)
                0x00083fe8                __cxa_get_globals
 .text._ZL21base_of_encoded_valuehP15_Unwind_Context
                0x00083ff4       0x4c c:/arduino-1.5.2/hardware/tools/g++_arm_none_eabi/bin/../lib/gcc/arm-none-eabi/4.4.1/../../../../arm-none-eabi/lib/thumb2\libstdc++.a(eh_personality.o)
 .text._ZL17parse_lsda_headerP15_Unwind_ContextPKhP16lsda_header_info
                0x00084040      0x190 c:/arduino-1.5.2/hardware/tools/g++_arm_none_eabi/bin/../lib/gcc/arm-none-eabi/4.4.1/../../../../arm-none-eabi/lib/thumb2\libstdc++.a(eh_personality.o)
 .text.__gxx_personality_v0
                0x000841d0      0x754 c:/arduino-1.5.2/hardware/tools/g++_arm_none_eabi/bin/../lib/gcc/arm-none-eabi/4.4.1/../../../../arm-none-eabi/lib/thumb2\libstdc++.a(eh_personality.o)
                0x000841d0                __gxx_personality_v0
 .text.__cxa_call_terminate
                0x00084924       0x50 c:/arduino-1.5.2/hardware/tools/g++_arm_none_eabi/bin/../lib/gcc/arm-none-eabi/4.4.1/../../../../arm-none-eabi/lib/thumb2\libstdc++.a(eh_call.o)
                0x00084924                __cxa_call_terminate
 .text.__cxa_call_unexpected
                0x00084974      0x128 c:/arduino-1.5.2/hardware/tools/g++_arm_none_eabi/bin/../lib/gcc/arm-none-eabi/4.4.1/../../../../arm-none-eabi/lib/thumb2\libstdc++.a(eh_call.o)
                0x00084974                __cxa_call_unexpected
 .text._GLOBAL__I___cxa_allocate_exception
                0x00084a9c        0x4 c:/arduino-1.5.2/hardware/tools/g++_arm_none_eabi/bin/../lib/gcc/arm-none-eabi/4.4.1/../../../../arm-none-eabi/lib/thumb2\libstdc++.a(eh_alloc.o)
 .text.__cxa_free_exception
                0x00084aa0       0x38 c:/arduino-1.5.2/hardware/tools/g++_arm_none_eabi/bin/../lib/gcc/arm-none-eabi/4.4.1/../../../../arm-none-eabi/lib/thumb2\libstdc++.a(eh_alloc.o)
                0x00084aa0                __cxa_free_exception
 .text.__cxa_allocate_exception
                0x00084ad8       0x90 c:/arduino-1.5.2/hardware/tools/g++_arm_none_eabi/bin/../lib/gcc/arm-none-eabi/4.4.1/../../../../arm-none-eabi/lib/thumb2\libstdc++.a(eh_alloc.o)
                0x00084ad8                __cxa_allocate_exception
 .text._ZN10__cxxabiv111__terminateEPFvvE
                0x00084b68       0x20 c:/arduino-1.5.2/hardware/tools/g++_arm_none_eabi/bin/../lib/gcc/arm-none-eabi/4.4.1/../../../../arm-none-eabi/lib/thumb2\libstdc++.a(eh_terminate.o)
                0x00084b68                __cxxabiv1::__terminate(void (*)())
 .text._ZSt9terminatev
                0x00084b88       0x10 c:/arduino-1.5.2/hardware/tools/g++_arm_none_eabi/bin/../lib/gcc/arm-none-eabi/4.4.1/../../../../arm-none-eabi/lib/thumb2\libstdc++.a(eh_terminate.o)
                0x00084b88                std::terminate()
 .text._ZN10__cxxabiv112__unexpectedEPFvvE
                0x00084b98        0x8 c:/arduino-1.5.2/hardware/tools/g++_arm_none_eabi/bin/../lib/gcc/arm-none-eabi/4.4.1/../../../../arm-none-eabi/lib/thumb2\libstdc++.a(eh_terminate.o)
                0x00084b98                __cxxabiv1::__unexpected(void (*)())
 .text._ZSt10unexpectedv
                0x00084ba0       0x10 c:/arduino-1.5.2/hardware/tools/g++_arm_none_eabi/bin/../lib/gcc/arm-none-eabi/4.4.1/../../../../arm-none-eabi/lib/thumb2\libstdc++.a(eh_terminate.o)
                0x00084ba0                std::unexpected()
 .text          0x00084bb0        0xc c:/arduino-1.5.2/hardware/tools/g++_arm_none_eabi/bin/../lib/gcc/arm-none-eabi/4.4.1/../../../../arm-none-eabi/lib/thumb2\libstdc++.a(eh_arm.o)
                0x00084bb0                __cxa_end_cleanup
 .text.__cxa_type_match
                0x00084bbc      0x100 c:/arduino-1.5.2/hardware/tools/g++_arm_none_eabi/bin/../lib/gcc/arm-none-eabi/4.4.1/../../../../arm-none-eabi/lib/thumb2\libstdc++.a(eh_arm.o)
                0x00084bbc                __cxa_type_match
 .text.__cxa_begin_cleanup
                0x00084cbc       0x70 c:/arduino-1.5.2/hardware/tools/g++_arm_none_eabi/bin/../lib/gcc/arm-none-eabi/4.4.1/../../../../arm-none-eabi/lib/thumb2\libstdc++.a(eh_arm.o)
                0x00084cbc                __cxa_begin_cleanup
 .text.__gnu_end_cleanup
                0x00084d2c       0x74 c:/arduino-1.5.2/hardware/tools/g++_arm_none_eabi/bin/../lib/gcc/arm-none-eabi/4.4.1/../../../../arm-none-eabi/lib/thumb2\libstdc++.a(eh_arm.o)
                0x00084d2c                __gnu_end_cleanup
 .text._ZNSt9type_infoD2Ev
                0x00084da0        0xc c:/arduino-1.5.2/hardware/tools/g++_arm_none_eabi/bin/../lib/gcc/arm-none-eabi/4.4.1/../../../../arm-none-eabi/lib/thumb2\libstdc++.a(tinfo.o)
                0x00084da0                std::type_info::~type_info()
 .text._ZNSt9type_infoD1Ev
                0x00084dac        0xc c:/arduino-1.5.2/hardware/tools/g++_arm_none_eabi/bin/../lib/gcc/arm-none-eabi/4.4.1/../../../../arm-none-eabi/lib/thumb2\libstdc++.a(tinfo.o)
                0x00084dac                std::type_info::~type_info()
 .text._ZNKSt9type_infoeqERKS_
                0x00084db8       0x10 c:/arduino-1.5.2/hardware/tools/g++_arm_none_eabi/bin/../lib/gcc/arm-none-eabi/4.4.1/../../../../arm-none-eabi/lib/thumb2\libstdc++.a(tinfo.o)
                0x00084db8                std::type_info::operator==(std::type_info const&) const
 .text._ZNKSt9type_info14__is_pointer_pEv
                0x00084dc8        0x4 c:/arduino-1.5.2/hardware/tools/g++_arm_none_eabi/bin/../lib/gcc/arm-none-eabi/4.4.1/../../../../arm-none-eabi/lib/thumb2\libstdc++.a(tinfo.o)
                0x00084dc8                std::type_info::__is_pointer_p() const
 .text._ZNKSt9type_info15__is_function_pEv
                0x00084dcc        0x4 c:/arduino-1.5.2/hardware/tools/g++_arm_none_eabi/bin/../lib/gcc/arm-none-eabi/4.4.1/../../../../arm-none-eabi/lib/thumb2\libstdc++.a(tinfo.o)
                0x00084dcc                std::type_info::__is_function_p() const
 .text._ZNKSt9type_info10__do_catchEPKS_PPvj
                0x00084dd0       0x10 c:/arduino-1.5.2/hardware/tools/g++_arm_none_eabi/bin/../lib/gcc/arm-none-eabi/4.4.1/../../../../arm-none-eabi/lib/thumb2\libstdc++.a(tinfo.o)
                0x00084dd0                std::type_info::__do_catch(std::type_info const*, void**, unsigned int) const
 .text._ZNKSt9type_info11__do_upcastEPKN10__cxxabiv117__class_type_infoEPPv
                0x00084de0        0x4 c:/arduino-1.5.2/hardware/tools/g++_arm_none_eabi/bin/../lib/gcc/arm-none-eabi/4.4.1/../../../../arm-none-eabi/lib/thumb2\libstdc++.a(tinfo.o)
                0x00084de0                std::type_info::__do_upcast(__cxxabiv1::__class_type_info const*, void**) const
 .text._ZNSt9type_infoD0Ev
                0x00084de4       0x14 c:/arduino-1.5.2/hardware/tools/g++_arm_none_eabi/bin/../lib/gcc/arm-none-eabi/4.4.1/../../../../arm-none-eabi/lib/thumb2\libstdc++.a(tinfo.o)
                0x00084de4                std::type_info::~type_info()
 .text.__cxa_bad_typeid
                0x00084df8       0x24 c:/arduino-1.5.2/hardware/tools/g++_arm_none_eabi/bin/../lib/gcc/arm-none-eabi/4.4.1/../../../../arm-none-eabi/lib/thumb2\libstdc++.a(eh_aux_runtime.o)
                0x00084df8                __cxa_bad_typeid
 .text._ZN10__cxxabiv123__fundamental_type_infoD1Ev
                0x00084e1c       0x14 c:/arduino-1.5.2/hardware/tools/g++_arm_none_eabi/bin/../lib/gcc/arm-none-eabi/4.4.1/../../../../arm-none-eabi/lib/thumb2\libstdc++.a(fundamental_type_info.o)
                0x00084e1c                __cxxabiv1::__fundamental_type_info::~__fundamental_type_info()
 .text._ZN10__cxxabiv123__fundamental_type_infoD0Ev
                0x00084e30       0x1c c:/arduino-1.5.2/hardware/tools/g++_arm_none_eabi/bin/../lib/gcc/arm-none-eabi/4.4.1/../../../../arm-none-eabi/lib/thumb2\libstdc++.a(fundamental_type_info.o)
                0x00084e30                __cxxabiv1::__fundamental_type_info::~__fundamental_type_info()
 .text._ZNK10__cxxabiv117__class_type_info11__do_upcastEPKS0_PPv
                0x00084e4c       0x38 c:/arduino-1.5.2/hardware/tools/g++_arm_none_eabi/bin/../lib/gcc/arm-none-eabi/4.4.1/../../../../arm-none-eabi/lib/thumb2\libstdc++.a(class_type_info.o)
                0x00084e4c                __cxxabiv1::__class_type_info::__do_upcast(__cxxabiv1::__class_type_info const*, void**) const
 .text._ZNK10__cxxabiv117__class_type_info20__do_find_public_srcEiPKvPKS0_S2_
                0x00084e84        0xc c:/arduino-1.5.2/hardware/tools/g++_arm_none_eabi/bin/../lib/gcc/arm-none-eabi/4.4.1/../../../../arm-none-eabi/lib/thumb2\libstdc++.a(class_type_info.o)
                0x00084e84                __cxxabiv1::__class_type_info::__do_find_public_src(int, void const*, __cxxabiv1::__class_type_info const*, void const*) const
 .text._ZNK10__cxxabiv117__class_type_info11__do_upcastEPKS0_PKvRNS0_15__upcast_resultE
                0x00084e90       0x1c c:/arduino-1.5.2/hardware/tools/g++_arm_none_eabi/bin/../lib/gcc/arm-none-eabi/4.4.1/../../../../arm-none-eabi/lib/thumb2\libstdc++.a(class_type_info.o)
                0x00084e90                __cxxabiv1::__class_type_info::__do_upcast(__cxxabiv1::__class_type_info const*, void const*, __cxxabiv1::__class_type_info::__upcast_result&) const
 .text._ZNK10__cxxabiv117__class_type_info12__do_dyncastEiNS0_10__sub_kindEPKS0_PKvS3_S5_RNS0_16__dyncast_resultE
                0x00084eac       0x3c c:/arduino-1.5.2/hardware/tools/g++_arm_none_eabi/bin/../lib/gcc/arm-none-eabi/4.4.1/../../../../arm-none-eabi/lib/thumb2\libstdc++.a(class_type_info.o)
                0x00084eac                __cxxabiv1::__class_type_info::__do_dyncast(int, __cxxabiv1::__class_type_info::__sub_kind, __cxxabiv1::__class_type_info const*, void const*, __cxxabiv1::__class_type_info const*, void const*, __cxxabiv1::__class_type_info::__dyncast_result&) const
 .text._ZNK10__cxxabiv117__class_type_info10__do_catchEPKSt9type_infoPPvj
                0x00084ee8       0x28 c:/arduino-1.5.2/hardware/tools/g++_arm_none_eabi/bin/../lib/gcc/arm-none-eabi/4.4.1/../../../../arm-none-eabi/lib/thumb2\libstdc++.a(class_type_info.o)
                0x00084ee8                __cxxabiv1::__class_type_info::__do_catch(std::type_info const*, void**, unsigned int) const
 .text._ZN10__cxxabiv117__class_type_infoD1Ev
                0x00084f10       0x14 c:/arduino-1.5.2/hardware/tools/g++_arm_none_eabi/bin/../lib/gcc/arm-none-eabi/4.4.1/../../../../arm-none-eabi/lib/thumb2\libstdc++.a(class_type_info.o)
                0x00084f10                __cxxabiv1::__class_type_info::~__class_type_info()
 .text._ZN10__cxxabiv117__class_type_infoD2Ev
                0x00084f24       0x14 c:/arduino-1.5.2/hardware/tools/g++_arm_none_eabi/bin/../lib/gcc/arm-none-eabi/4.4.1/../../../../arm-none-eabi/lib/thumb2\libstdc++.a(class_type_info.o)
                0x00084f24                __cxxabiv1::__class_type_info::~__class_type_info()
 .text._ZN10__cxxabiv117__class_type_infoD0Ev
                0x00084f38       0x1c c:/arduino-1.5.2/hardware/tools/g++_arm_none_eabi/bin/../lib/gcc/arm-none-eabi/4.4.1/../../../../arm-none-eabi/lib/thumb2\libstdc++.a(class_type_info.o)
                0x00084f38                __cxxabiv1::__class_type_info::~__class_type_info()
 .text._ZNKSt10bad_typeid4whatEv
                0x00084f54        0xc c:/arduino-1.5.2/hardware/tools/g++_arm_none_eabi/bin/../lib/gcc/arm-none-eabi/4.4.1/../../../../arm-none-eabi/lib/thumb2\libstdc++.a(bad_typeid.o)
                0x00084f54                std::bad_typeid::what() const
 .text._ZNSt10bad_typeidD1Ev
                0x00084f60       0x14 c:/arduino-1.5.2/hardware/tools/g++_arm_none_eabi/bin/../lib/gcc/arm-none-eabi/4.4.1/../../../../arm-none-eabi/lib/thumb2\libstdc++.a(bad_typeid.o)
                0x00084f60                std::bad_typeid::~bad_typeid()
 .text._ZNSt10bad_typeidD0Ev
                0x00084f74       0x1c c:/arduino-1.5.2/hardware/tools/g++_arm_none_eabi/bin/../lib/gcc/arm-none-eabi/4.4.1/../../../../arm-none-eabi/lib/thumb2\libstdc++.a(bad_typeid.o)
                0x00084f74                std::bad_typeid::~bad_typeid()
 .text._ZN9__gnu_cxx27__verbose_terminate_handlerEv
                0x00084f90      0x140 c:/arduino-1.5.2/hardware/tools/g++_arm_none_eabi/bin/../lib/gcc/arm-none-eabi/4.4.1/../../../../arm-none-eabi/lib/thumb2\libstdc++.a(vterminate.o)
                0x00084f90                __gnu_cxx::__verbose_terminate_handler()
 .text._ZNK10__cxxabiv119__pointer_type_info14__is_pointer_pEv
                0x000850d0        0x4 c:/arduino-1.5.2/hardware/tools/g++_arm_none_eabi/bin/../lib/gcc/arm-none-eabi/4.4.1/../../../../arm-none-eabi/lib/thumb2\libstdc++.a(pointer_type_info.o)
                0x000850d0                __cxxabiv1::__pointer_type_info::__is_pointer_p() const
 .text._ZNK10__cxxabiv119__pointer_type_info15__pointer_catchEPKNS_17__pbase_type_infoEPPvj
                0x000850d4       0x4c c:/arduino-1.5.2/hardware/tools/g++_arm_none_eabi/bin/../lib/gcc/arm-none-eabi/4.4.1/../../../../arm-none-eabi/lib/thumb2\libstdc++.a(pointer_type_info.o)
                0x000850d4                __cxxabiv1::__pointer_type_info::__pointer_catch(__cxxabiv1::__pbase_type_info const*, void**, unsigned int) const
 .text._ZN10__cxxabiv119__pointer_type_infoD1Ev
                0x00085120       0x14 c:/arduino-1.5.2/hardware/tools/g++_arm_none_eabi/bin/../lib/gcc/arm-none-eabi/4.4.1/../../../../arm-none-eabi/lib/thumb2\libstdc++.a(pointer_type_info.o)
                0x00085120                __cxxabiv1::__pointer_type_info::~__pointer_type_info()
 .text._ZN10__cxxabiv119__pointer_type_infoD0Ev
                0x00085134       0x1c c:/arduino-1.5.2/hardware/tools/g++_arm_none_eabi/bin/../lib/gcc/arm-none-eabi/4.4.1/../../../../arm-none-eabi/lib/thumb2\libstdc++.a(pointer_type_info.o)
                0x00085134                __cxxabiv1::__pointer_type_info::~__pointer_type_info()
 .text.__cxa_current_exception_type
                0x00085150       0x1c c:/arduino-1.5.2/hardware/tools/g++_arm_none_eabi/bin/../lib/gcc/arm-none-eabi/4.4.1/../../../../arm-none-eabi/lib/thumb2\libstdc++.a(eh_type.o)
                0x00085150                __cxa_current_exception_type
 .text          0x0008516c     0x38b8 c:/arduino-1.5.2/hardware/tools/g++_arm_none_eabi/bin/../lib/gcc/arm-none-eabi/4.4.1/../../../../arm-none-eabi/lib/thumb2\libstdc++.a(cp-demangle.o)
                0x00088594                __gcclibcxx_demangle_callback
                0x000885c4                __cxa_demangle
 .text._ZNK10__cxxabiv117__pbase_type_info15__pointer_catchEPKS0_PPvj
                0x00088a24       0x14 c:/arduino-1.5.2/hardware/tools/g++_arm_none_eabi/bin/../lib/gcc/arm-none-eabi/4.4.1/../../../../arm-none-eabi/lib/thumb2\libstdc++.a(pbase_type_info.o)
                0x00088a24                __cxxabiv1::__pbase_type_info::__pointer_catch(__cxxabiv1::__pbase_type_info const*, void**, unsigned int) const
 .text._ZNK10__cxxabiv117__pbase_type_info10__do_catchEPKSt9type_infoPPvj
                0x00088a38       0x68 c:/arduino-1.5.2/hardware/tools/g++_arm_none_eabi/bin/../lib/gcc/arm-none-eabi/4.4.1/../../../../arm-none-eabi/lib/thumb2\libstdc++.a(pbase_type_info.o)
                0x00088a38                __cxxabiv1::__pbase_type_info::__do_catch(std::type_info const*, void**, unsigned int) const
 .text._ZN10__cxxabiv117__pbase_type_infoD1Ev
                0x00088aa0       0x14 c:/arduino-1.5.2/hardware/tools/g++_arm_none_eabi/bin/../lib/gcc/arm-none-eabi/4.4.1/../../../../arm-none-eabi/lib/thumb2\libstdc++.a(pbase_type_info.o)
                0x00088aa0                __cxxabiv1::__pbase_type_info::~__pbase_type_info()
 .text._ZN10__cxxabiv117__pbase_type_infoD2Ev
                0x00088ab4       0x14 c:/arduino-1.5.2/hardware/tools/g++_arm_none_eabi/bin/../lib/gcc/arm-none-eabi/4.4.1/../../../../arm-none-eabi/lib/thumb2\libstdc++.a(pbase_type_info.o)
                0x00088ab4                __cxxabiv1::__pbase_type_info::~__pbase_type_info()
 .text._ZN10__cxxabiv117__pbase_type_infoD0Ev
                0x00088ac8       0x1c c:/arduino-1.5.2/hardware/tools/g++_arm_none_eabi/bin/../lib/gcc/arm-none-eabi/4.4.1/../../../../arm-none-eabi/lib/thumb2\libstdc++.a(pbase_type_info.o)
                0x00088ac8                __cxxabiv1::__pbase_type_info::~__pbase_type_info()
 .text          0x00088ae4       0x24 c:/arduino-1.5.2/hardware/tools/g++_arm_none_eabi/bin/../lib/gcc/arm-none-eabi/4.4.1/../../../../arm-none-eabi/lib/thumb2\libm.a(lib_a-s_isinfd.o)
                0x00088ae4                __isinfd
 .text          0x00088b08       0x1c c:/arduino-1.5.2/hardware/tools/g++_arm_none_eabi/bin/../lib/gcc/arm-none-eabi/4.4.1/../../../../arm-none-eabi/lib/thumb2\libm.a(lib_a-s_isnand.o)
                0x00088b08                __isnand
 .text          0x00088b24      0x370 c:/arduino-1.5.2/hardware/tools/g++_arm_none_eabi/bin/../lib/gcc/arm-none-eabi/4.4.1/thumb2\libgcc.a(_arm_addsubdf3.o)
                0x00088b24                __aeabi_drsub
                0x00088b2c                __aeabi_dsub
                0x00088b2c                __subdf3
                0x00088b30                __aeabi_dadd
                0x00088b30                __adddf3
                0x00088da8                __floatunsidf
                0x00088da8                __aeabi_ui2d
                0x00088dc8                __floatsidf
                0x00088dc8                __aeabi_i2d
                0x00088dec                __aeabi_f2d
                0x00088dec                __extendsfdf2
                0x00088e28                __floatundidf
                0x00088e28                __aeabi_ul2d
                0x00088e38                __floatdidf
                0x00088e38                __aeabi_l2d
 .text          0x00088e94      0x424 c:/arduino-1.5.2/hardware/tools/g++_arm_none_eabi/bin/../lib/gcc/arm-none-eabi/4.4.1/thumb2\libgcc.a(_arm_muldivdf3.o)
                0x00088e94                __aeabi_dmul
                0x00088e94                __muldf3
                0x000890e8                __divdf3
                0x000890e8                __aeabi_ddiv
 .text          0x000892b8      0x110 c:/arduino-1.5.2/hardware/tools/g++_arm_none_eabi/bin/../lib/gcc/arm-none-eabi/4.4.1/thumb2\libgcc.a(_arm_cmpdf2.o)
                0x000892b8                __gtdf2
                0x000892b8                __gedf2
                0x000892c0                __ltdf2
                0x000892c0                __ledf2
                0x000892c8                __nedf2
                0x000892c8                __eqdf2
                0x000892c8                __cmpdf2
                0x00089344                __aeabi_cdrcmple
                0x00089354                __aeabi_cdcmpeq
                0x00089354                __aeabi_cdcmple
                0x00089364                __aeabi_dcmpeq
                0x00089378                __aeabi_dcmplt
                0x0008938c                __aeabi_dcmple
                0x000893a0                __aeabi_dcmpge
                0x000893b4                __aeabi_dcmpgt
 .text          0x000893c8       0x50 c:/arduino-1.5.2/hardware/tools/g++_arm_none_eabi/bin/../lib/gcc/arm-none-eabi/4.4.1/thumb2\libgcc.a(_arm_fixdfsi.o)
                0x000893c8                __aeabi_d2iz
                0x000893c8                __fixdfsi
 .text          0x00089418      0xc58 c:/arduino-1.5.2/hardware/tools/g++_arm_none_eabi/bin/../lib/gcc/arm-none-eabi/4.4.1/thumb2\libgcc.a(unwind-arm.o)
                0x00089424                _Unwind_VRS_Get
                0x0008946c                _Unwind_VRS_Set
                0x0008952c                _Unwind_GetCFA
                0x00089530                _Unwind_Complete
                0x00089534                _Unwind_DeleteException
                0x00089884                __aeabi_unwind_cpp_pr2
                0x00089888                __aeabi_unwind_cpp_pr1
                0x0008988c                __aeabi_unwind_cpp_pr0
                0x000899c8                __gnu_Unwind_Backtrace
                0x00089b94                __gnu_Unwind_ForcedUnwind
                0x00089bd8                __gnu_Unwind_RaiseException
                0x00089c5c                __gnu_Unwind_Resume_or_Rethrow
                0x00089c70                __gnu_Unwind_Resume
                0x00089cac                _Unwind_VRS_Pop
 .text          0x0008a070      0x1ac c:/arduino-1.5.2/hardware/tools/g++_arm_none_eabi/bin/../lib/gcc/arm-none-eabi/4.4.1/thumb2\libgcc.a(libunwind.o)
                0x0008a070                __restore_core_regs
                0x0008a070                restore_core_regs
                0x0008a088                __gnu_Unwind_Restore_VFP
                0x0008a090                __gnu_Unwind_Save_VFP
                0x0008a098                __gnu_Unwind_Restore_VFP_D
                0x0008a0a0                __gnu_Unwind_Save_VFP_D
                0x0008a0a8                __gnu_Unwind_Restore_VFP_D_16_to_31
                0x0008a0b0                __gnu_Unwind_Save_VFP_D_16_to_31
                0x0008a0b8                __gnu_Unwind_Restore_WMMXD
                0x0008a0fc                __gnu_Unwind_Save_WMMXD
                0x0008a140                __gnu_Unwind_Restore_WMMXC
                0x0008a154                __gnu_Unwind_Save_WMMXC
                0x0008a168                ___Unwind_RaiseException
                0x0008a168                _Unwind_RaiseException
                0x0008a18c                _Unwind_Resume
                0x0008a18c                ___Unwind_Resume
                0x0008a1b0                _Unwind_Resume_or_Rethrow
                0x0008a1b0                ___Unwind_Resume_or_Rethrow
                0x0008a1d4                _Unwind_ForcedUnwind
                0x0008a1d4                ___Unwind_ForcedUnwind
                0x0008a1f8                ___Unwind_Backtrace
                0x0008a1f8                _Unwind_Backtrace
 .text          0x0008a21c      0x3b8 c:/arduino-1.5.2/hardware/tools/g++_arm_none_eabi/bin/../lib/gcc/arm-none-eabi/4.4.1/thumb2\libgcc.a(pr-support.o)
                0x0008a254                _Unwind_GetTextRelBase
                0x0008a25c                _Unwind_GetDataRelBase
                0x0008a280                _Unwind_GetLanguageSpecificData
                0x0008a294                _Unwind_GetRegionStart
                0x0008a2a0                __gnu_unwind_execute
                0x0008a5a8                __gnu_unwind_frame
 .text          0x0008a5d4       0x10 c:/arduino-1.5.2/hardware/tools/g++_arm_none_eabi/bin/../lib/gcc/arm-none-eabi/4.4.1/../../../../arm-none-eabi/lib/thumb2\libc.a(lib_a-abort.o)
                0x0008a5d4                abort
 .text          0x0008a5e4       0x54 c:/arduino-1.5.2/hardware/tools/g++_arm_none_eabi/bin/../lib/gcc/arm-none-eabi/4.4.1/../../../../arm-none-eabi/lib/thumb2\libc.a(lib_a-assert.o)
                0x0008a5e4                __assert_func
                0x0008a62c                __assert
 .text          0x0008a638       0x10 c:/arduino-1.5.2/hardware/tools/g++_arm_none_eabi/bin/../lib/gcc/arm-none-eabi/4.4.1/../../../../arm-none-eabi/lib/thumb2\libc.a(lib_a-cxa_atexit.o)
                0x0008a638                __cxa_atexit
 .text          0x0008a648       0x4c c:/arduino-1.5.2/hardware/tools/g++_arm_none_eabi/bin/../lib/gcc/arm-none-eabi/4.4.1/../../../../arm-none-eabi/lib/thumb2\libc.a(lib_a-fiprintf.o)
                0x0008a648                fiprintf
                0x0008a674                _fiprintf_r
 .text          0x0008a694       0xac c:/arduino-1.5.2/hardware/tools/g++_arm_none_eabi/bin/../lib/gcc/arm-none-eabi/4.4.1/../../../../arm-none-eabi/lib/thumb2\libc.a(lib_a-fputc.o)
                0x0008a694                fputc
                0x0008a6ec                _fputc_r
 .text          0x0008a740       0x90 c:/arduino-1.5.2/hardware/tools/g++_arm_none_eabi/bin/../lib/gcc/arm-none-eabi/4.4.1/../../../../arm-none-eabi/lib/thumb2\libc.a(lib_a-fputs.o)
                0x0008a740                _fputs_r
                0x0008a7c0                fputs
 .text          0x0008a7d0      0x334 c:/arduino-1.5.2/hardware/tools/g++_arm_none_eabi/bin/../lib/gcc/arm-none-eabi/4.4.1/../../../../arm-none-eabi/lib/thumb2\libc.a(lib_a-fvwrite.o)
                0x0008a7d0                __sfvwrite_r
 .text          0x0008ab04       0xc0 c:/arduino-1.5.2/hardware/tools/g++_arm_none_eabi/bin/../lib/gcc/arm-none-eabi/4.4.1/../../../../arm-none-eabi/lib/thumb2\libc.a(lib_a-fwrite.o)
                0x0008ab04                _fwrite_r
                0x0008aba0                fwrite
 .text          0x0008abc4       0x50 c:/arduino-1.5.2/hardware/tools/g++_arm_none_eabi/bin/../lib/gcc/arm-none-eabi/4.4.1/../../../../arm-none-eabi/lib/thumb2\libc.a(lib_a-init.o)
                0x0008abc4                __libc_init_array
 .text          0x0008ac14       0x64 c:/arduino-1.5.2/hardware/tools/g++_arm_none_eabi/bin/../lib/gcc/arm-none-eabi/4.4.1/../../../../arm-none-eabi/lib/thumb2\libc.a(lib_a-iprintf.o)
                0x0008ac14                _iprintf_r
                0x0008ac40                iprintf
 .text          0x0008ac78       0x20 c:/arduino-1.5.2/hardware/tools/g++_arm_none_eabi/bin/../lib/gcc/arm-none-eabi/4.4.1/../../../../arm-none-eabi/lib/thumb2\libc.a(lib_a-malloc.o)
                0x0008ac78                free
                0x0008ac88                malloc
 .text          0x0008ac98      0x5a4 c:/arduino-1.5.2/hardware/tools/g++_arm_none_eabi/bin/../lib/gcc/arm-none-eabi/4.4.1/../../../../arm-none-eabi/lib/thumb2\libc.a(lib_a-mallocr.o)
                0x0008ac98                _malloc_r
 .text          0x0008b23c       0x74 c:/arduino-1.5.2/hardware/tools/g++_arm_none_eabi/bin/../lib/gcc/arm-none-eabi/4.4.1/../../../../arm-none-eabi/lib/thumb2\libc.a(lib_a-memchr.o)
                0x0008b23c                memchr
 .text          0x0008b2b0       0x64 c:/arduino-1.5.2/hardware/tools/g++_arm_none_eabi/bin/../lib/gcc/arm-none-eabi/4.4.1/../../../../arm-none-eabi/lib/thumb2\libc.a(lib_a-memcmp.o)
                0x0008b2b0                memcmp
 .text          0x0008b314      0x190 c:/arduino-1.5.2/hardware/tools/g++_arm_none_eabi/bin/../lib/gcc/arm-none-eabi/4.4.1/../../../../arm-none-eabi/lib/thumb2\libc.a(lib_a-memcpy.o)
                0x0008b314                memcpy
 .text          0x0008b4a4       0xb8 c:/arduino-1.5.2/hardware/tools/g++_arm_none_eabi/bin/../lib/gcc/arm-none-eabi/4.4.1/../../../../arm-none-eabi/lib/thumb2\libc.a(lib_a-memmove.o)
                0x0008b4a4                memmove
 .text          0x0008b55c       0xd4 c:/arduino-1.5.2/hardware/tools/g++_arm_none_eabi/bin/../lib/gcc/arm-none-eabi/4.4.1/../../../../arm-none-eabi/lib/thumb2\libc.a(lib_a-memset.o)
                0x0008b55c                memset
 .text          0x0008b630        0x8 c:/arduino-1.5.2/hardware/tools/g++_arm_none_eabi/bin/../lib/gcc/arm-none-eabi/4.4.1/../../../../arm-none-eabi/lib/thumb2\libc.a(lib_a-mlock.o)
                0x0008b630                __malloc_lock
                0x0008b634                __malloc_unlock
 .text          0x0008b638      0x138 c:/arduino-1.5.2/hardware/tools/g++_arm_none_eabi/bin/../lib/gcc/arm-none-eabi/4.4.1/../../../../arm-none-eabi/lib/thumb2\libc.a(lib_a-putc.o)
                0x0008b638                putc
                0x0008b6e0                _putc_r
 .text          0x0008b770       0x14 c:/arduino-1.5.2/hardware/tools/g++_arm_none_eabi/bin/../lib/gcc/arm-none-eabi/4.4.1/../../../../arm-none-eabi/lib/thumb2\libc.a(lib_a-realloc.o)
                0x0008b770                realloc
 .text          0x0008b784      0x3b4 c:/arduino-1.5.2/hardware/tools/g++_arm_none_eabi/bin/../lib/gcc/arm-none-eabi/4.4.1/../../../../arm-none-eabi/lib/thumb2\libc.a(lib_a-reallocr.o)
                0x0008b784                _realloc_r
 .text          0x0008bb38       0x28 c:/arduino-1.5.2/hardware/tools/g++_arm_none_eabi/bin/../lib/gcc/arm-none-eabi/4.4.1/../../../../arm-none-eabi/lib/thumb2\libc.a(lib_a-sbrkr.o)
                0x0008bb38                _sbrk_r
 .text          0x0008bb60      0x14c c:/arduino-1.5.2/hardware/tools/g++_arm_none_eabi/bin/../lib/gcc/arm-none-eabi/4.4.1/../../../../arm-none-eabi/lib/thumb2\libc.a(lib_a-signal.o)
                0x0008bb60                _raise_r
                0x0008bbb8                raise
                0x0008bbc8                _init_signal_r
                0x0008bbf0                _init_signal
                0x0008bbfc                __sigtramp_r
                0x0008bc50                __sigtramp
                0x0008bc60                _signal_r
                0x0008bc9c                signal
 .text          0x0008bcac       0x30 c:/arduino-1.5.2/hardware/tools/g++_arm_none_eabi/bin/../lib/gcc/arm-none-eabi/4.4.1/../../../../arm-none-eabi/lib/thumb2\libc.a(lib_a-signalr.o)
                0x0008bcac                _getpid_r
                0x0008bcb0                _kill_r
 .text          0x0008bcdc       0x94 c:/arduino-1.5.2/hardware/tools/g++_arm_none_eabi/bin/../lib/gcc/arm-none-eabi/4.4.1/../../../../arm-none-eabi/lib/thumb2\libc.a(lib_a-sprintf.o)
                0x0008bcdc                sprintf
                0x0008bd2c                _sprintf_r
 .text          0x0008bd70      0x1dc c:/arduino-1.5.2/hardware/tools/g++_arm_none_eabi/bin/../lib/gcc/arm-none-eabi/4.4.1/../../../../arm-none-eabi/lib/thumb2\libc.a(lib_a-strcmp.o)
                0x0008bd70                strcmp
 .text          0x0008bf4c       0xbc c:/arduino-1.5.2/hardware/tools/g++_arm_none_eabi/bin/../lib/gcc/arm-none-eabi/4.4.1/../../../../arm-none-eabi/lib/thumb2\libc.a(lib_a-strcpy.o)
                0x0008bf4c                strcpy
 .text          0x0008c008       0x60 c:/arduino-1.5.2/hardware/tools/g++_arm_none_eabi/bin/../lib/gcc/arm-none-eabi/4.4.1/../../../../arm-none-eabi/lib/thumb2\libc.a(lib_a-strlen.o)
                0x0008c008                strlen
 .text          0x0008c068       0xa8 c:/arduino-1.5.2/hardware/tools/g++_arm_none_eabi/bin/../lib/gcc/arm-none-eabi/4.4.1/../../../../arm-none-eabi/lib/thumb2\libc.a(lib_a-strncmp.o)
                0x0008c068                strncmp
 .text          0x0008c110     0x15a8 c:/arduino-1.5.2/hardware/tools/g++_arm_none_eabi/bin/../lib/gcc/arm-none-eabi/4.4.1/../../../../arm-none-eabi/lib/thumb2\libc.a(lib_a-svfprintf.o)
                0x0008c22c                _svfprintf_r
 .text          0x0008d6b8      0xd38 c:/arduino-1.5.2/hardware/tools/g++_arm_none_eabi/bin/../lib/gcc/arm-none-eabi/4.4.1/../../../../arm-none-eabi/lib/thumb2\libc.a(lib_a-vfiprintf.o)
                0x0008d6d4                _vfiprintf_r
                0x0008e3d4                vfiprintf
 .text          0x0008e3f0       0xf8 c:/arduino-1.5.2/hardware/tools/g++_arm_none_eabi/bin/../lib/gcc/arm-none-eabi/4.4.1/../../../../arm-none-eabi/lib/thumb2\libc.a(lib_a-wbuf.o)
                0x0008e3f0                __swbuf_r
                0x0008e4d8                __swbuf
 .text          0x0008e4e8      0x104 c:/arduino-1.5.2/hardware/tools/g++_arm_none_eabi/bin/../lib/gcc/arm-none-eabi/4.4.1/../../../../arm-none-eabi/lib/thumb2\libc.a(lib_a-wsetup.o)
                0x0008e4e8                __swsetup_r
 .text          0x0008e5ec       0xe8 c:/arduino-1.5.2/hardware/tools/g++_arm_none_eabi/bin/../lib/gcc/arm-none-eabi/4.4.1/../../../../arm-none-eabi/lib/thumb2\libc.a(lib_a-__atexit.o)
                0x0008e5ec                __register_exitproc
 *fill*         0x0008e6d4        0x4 00
 .text          0x0008e6d8      0xfb8 c:/arduino-1.5.2/hardware/tools/g++_arm_none_eabi/bin/../lib/gcc/arm-none-eabi/4.4.1/../../../../arm-none-eabi/lib/thumb2\libc.a(lib_a-dtoa.o)
                0x0008e7f8                _dtoa_r
 .text          0x0008f690      0x178 c:/arduino-1.5.2/hardware/tools/g++_arm_none_eabi/bin/../lib/gcc/arm-none-eabi/4.4.1/../../../../arm-none-eabi/lib/thumb2\libc.a(lib_a-fflush.o)
                0x0008f690                _fflush_r
                0x0008f7e0                fflush
 .text          0x0008f808      0x1c8 c:/arduino-1.5.2/hardware/tools/g++_arm_none_eabi/bin/../lib/gcc/arm-none-eabi/4.4.1/../../../../arm-none-eabi/lib/thumb2\libc.a(lib_a-findfp.o)
                0x0008f808                __sfp_lock_acquire
                0x0008f80c                __sfp_lock_release
                0x0008f810                __sinit_lock_acquire
                0x0008f814                __sinit_lock_release
                0x0008f820                __fp_unlock_all
                0x0008f838                __fp_lock_all
                0x0008f850                _cleanup_r
                0x0008f85c                _cleanup
                0x0008f8b8                __sfmoreglue
                0x0008f8e8                __sfp
                0x0008f970                __sinit
 .text          0x0008f9d0      0x268 c:/arduino-1.5.2/hardware/tools/g++_arm_none_eabi/bin/../lib/gcc/arm-none-eabi/4.4.1/../../../../arm-none-eabi/lib/thumb2\libc.a(lib_a-freer.o)
                0x0008f9d0                _malloc_trim_r
                0x0008fa78                _free_r
 .text          0x0008fc38       0xa0 c:/arduino-1.5.2/hardware/tools/g++_arm_none_eabi/bin/../lib/gcc/arm-none-eabi/4.4.1/../../../../arm-none-eabi/lib/thumb2\libc.a(lib_a-fwalk.o)
                0x0008fc38                _fwalk_reent
                0x0008fc8c                _fwalk
 .text          0x0008fcd8       0x74 c:/arduino-1.5.2/hardware/tools/g++_arm_none_eabi/bin/../lib/gcc/arm-none-eabi/4.4.1/../../../../arm-none-eabi/lib/thumb2\libc.a(lib_a-locale.o)
                0x0008fcd8                __locale_charset
                0x0008fce4                _localeconv_r
                0x0008fcec                localeconv
                0x0008fcf4                _setlocale_r
                0x0008fd3c                setlocale
 .text          0x0008fd4c       0xdc c:/arduino-1.5.2/hardware/tools/g++_arm_none_eabi/bin/../lib/gcc/arm-none-eabi/4.4.1/../../../../arm-none-eabi/lib/thumb2\libc.a(lib_a-makebuf.o)
                0x0008fd4c                __smakebuf_r
 .text          0x0008fe28      0x958 c:/arduino-1.5.2/hardware/tools/g++_arm_none_eabi/bin/../lib/gcc/arm-none-eabi/4.4.1/../../../../arm-none-eabi/lib/thumb2\libc.a(lib_a-mprec.o)
                0x0008fe28                __hi0bits
                0x0008fe68                __lo0bits
                0x0008fecc                __mcmp
                0x0008ff0c                __ulp
                0x0008ff58                __b2d
                0x00090000                __ratio
                0x00090060                _mprec_log10
                0x00090098                __copybits
                0x000900e8                __any_on
                0x00090140                _Bfree
                0x00090178                _Balloc
                0x000901e4                __d2b
                0x000902b4                __mdiff
                0x000903ac                __lshift
                0x00090468                __multiply
                0x0009059c                __i2b
                0x000905b0                __multadd